a3f00000 T _start
a3f00020 t _undefined_instruction
a3f00024 t _software_interrupt
a3f00028 t _prefetch_abort
a3f0002c t _data_abort
a3f00030 t _not_used
a3f00034 t _irq
a3f00038 t _fiq
a3f00040 t _TEXT_BASE
a3f00044 T _armboot_start
a3f00048 T _bss_start
a3f0004c T _bss_end
a3f00850 t reset
a3f00864 t relocate
a3f00888 t copy_loop
a3f00898 t stack_setup
a3f008a8 t clear_bss
a3f008b4 t clbss_l
a3f008c8 t _start_armboot
a3f008cc t IC_BASE
a3f008d0 t RST_BASE
a3f008d4 t OSTIMER_BASE
a3f008d8 t CC_BASE
a3f008dc t cpuspeed
a3f008e0 t cpu_init_crit
a3f00900 t setspeed_done
a3f00960 t undefined_instruction
a3f009c0 t software_interrupt
a3f009e0 t prefetch_abort
a3f00a40 t data_abort
a3f00aa0 t not_used
a3f00b00 t irq
a3f00b20 t fiq
a3f00b80 T reset_cpu
a3f00ba0 t reset_endless
a3f00bc0 T lowlevel_init
a3f00d40 t CBR_refresh1
a3f00d84 t end_of_memsetup
a3f00e20 T enable_interrupts
a3f00e24 T disable_interrupts
a3f00e2c T bad_mode
a3f00e48 T show_regs
a3f00f88 T do_undefined_instruction
a3f00fac T do_software_interrupt
a3f00fd0 T do_prefetch_abort
a3f00ff4 T do_data_abort
a3f01018 T do_not_used
a3f0103c T do_fiq
a3f01060 T do_irq
a3f01084 T interrupt_init
a3f0108c T reset_timer
a3f01090 T get_timer
a3f010a4 T set_timer
a3f010a8 T udelay
a3f010ac T reset_timer_masked
a3f010c0 T get_timer_masked
a3f010d0 T udelay_masked
a3f0113c T get_ticks
a3f01150 T get_tbclk
a3f01158 t mem_malloc_init
a3f01194 T sbrk
a3f011d8 t init_baudrate
a3f01230 t display_banner
a3f01280 t display_dram_config
a3f012c8 t display_flash_config
a3f012f0 T start_armboot
a3f014d0 T hang
a3f014e4 T ArpRequest
a3f01620 T ArpTimeoutCheck
a3f016ac T NetLoop
a3f01b38 t startAgainTimeout
a3f01b4c t startAgainHandler
a3f01b50 T NetStartAgain
a3f01c5c T NetSetHandler
a3f01c6c T NetSetTimeout
a3f01cac T NetSendPacket
a3f01cb0 T NetSendUDPPacket
a3f01e20 T PingSend
a3f01fac t PingTimeout
a3f01fc8 t PingHandler
a3f0200c t PingStart
a3f0204c T NetReceive
a3f02664 t net_check_prereq
a3f02770 T NetCksumOk
a3f0279c T NetCksum
a3f027e8 T NetEthHdrSize
a3f0282c T NetSetEther
a3f028e8 T NetSetIP
a3f02a24 T copy_filename
a3f02a90 T ip_to_string
a3f02ae8 T string_to_ip
a3f02b68 T VLAN_to_string
a3f02bc4 T string_to_VLAN
a3f02c1c T print_IPaddr
a3f02c40 T getenv_IPaddr
a3f02c50 T getenv_VLAN
a3f02c68 t TftpSend
a3f02e1c t TftpHandler
a3f030cc t TftpTimeout
a3f03128 T TftpStart
a3f0336c t BootpCheckPkt
a3f03408 t BootpCopyNetParams
a3f034bc t truncate_sz
a3f034f0 t BootpTimeout
a3f03538 t DhcpExtended
a3f036c4 T BootpRequest
a3f038e0 t DhcpOptionsProcess
a3f03ad0 t DhcpMessageType
a3f03b40 t DhcpSendRequestPkt
a3f03ca8 t DhcpHandler
a3f03e0c T DhcpRequest
a3f03e10 t RarpHandler
a3f03e68 t RarpTimeout
a3f03eb0 T RarpRequest
a3f03fb0 T eth_get_dev
a3f03fc0 T eth_get_dev_by_name
a3f04018 T eth_get_dev_index
a3f0406c T eth_register
a3f0410c T eth_initialize
a3f04368 T eth_set_enetaddr
a3f04420 T eth_init
a3f04494 T eth_halt
a3f044c4 T eth_send
a3f04504 T eth_rx
a3f04538 T eth_try_another
a3f045c0 T eth_set_current
a3f04634 T eth_get_name
a3f04654 t basename
a3f04694 t dirname
a3f046b0 t rpc_add_credentials
a3f0477c t rpc_req
a3f048c4 t rpc_lookup_req
a3f04944 t nfs_mount_req
a3f049e8 t nfs_umountall_req
a3f04a44 t nfs_readlink_req
a3f04a90 t nfs_lookup_req
a3f04b48 t nfs_read_req
a3f04bec t NfsSend
a3f04c8c t rpc_lookup_reply
a3f04d74 t nfs_mount_reply
a3f04e2c t nfs_umountall_reply
a3f04ecc t nfs_lookup_reply
a3f04f74 t nfs_readlink_reply
a3f050a0 t nfs_read_reply
a3f0522c t NfsTimeout
a3f05250 t NfsHandler
a3f0543c T NfsStart
a3f056e4 T flash_read_ushort
a3f05714 T flash_read_long
a3f0575c T flash_init
a3f057f0 t flash_get_info
a3f05838 T flash_erase
a3f059f0 T flash_print_info
a3f05b28 T write_buff
a3f05d80 T flash_real_protect
a3f05e70 T flash_read_user_serial
a3f05ee4 T flash_read_factory_serial
a3f05f58 t flash_is_busy
a3f05fbc t flash_status_check
a3f06068 t flash_full_status_check
a3f061d0 t flash_add_byte
a3f06278 t flash_make_cmd
a3f062d0 t flash_write_cmd
a3f06384 t flash_unlock_seq
a3f063bc t flash_isequal
a3f06490 t flash_isset
a3f06578 t flash_toggle
a3f06670 t flash_detect_cfi
a3f067a0 T flash_get_size
a3f06aa0 t flash_write_cfiword
a3f06c70 t find_sector
a3f06c98 t flash_write_cfibuffer
a3f06eac T flash_make_addr
a3f06ec8 T flash_read_uchar
a3f06ee4 t nc_wait_arp_handler
a3f06ef8 t nc_handler
a3f06f1c t nc_timeout
a3f06f30 T NcStart
a3f0700c T nc_input_packet
a3f070d0 t nc_send_packet
a3f071d0 T nc_start
a3f072c8 T nc_putc
a3f0730c T nc_puts
a3f07350 T nc_getc
a3f073e4 T nc_tstc
a3f07470 T drv_nc_init
a3f074f8 T smc_set_mac_addr
a3f0751c T dump_memory_info
a3f07548 t poll4int
a3f075d8 t smc_reset
a3f076d4 t smc_enable
a3f07708 t smc_shutdown
a3f07760 t smc_send_packet
a3f079b0 T smc_destructor
a3f079b4 T smc_initialize
a3f07a28 t smc_multi_init
a3f07a54 t smc_multi_halt
a3f07a58 t smc_multi_send
a3f07a64 t smc_multi_recv
a3f07a68 t smc_open
a3f07b1c t smc_rcv
a3f07c84 t smc_close
a3f07c94 t smc_read_phy_register
a3f07e58 t smc_write_phy_register
a3f08028 t smc_wait_ms
a3f08038 t smc_phy_configure
a3f081c4 T smc_get_ethaddr
a3f083dc T get_rom_mac
a3f08444 T main_loop
a3f084c0 T readline
a3f086e4 t delete_char
a3f087d4 t parse_line
a3f0887c t process_macros
a3f08a78 T run_command
a3f08c60 T do_run
a3f08cdc t abortboot
a3f08df0 T autoscript
a3f08fc4 T do_autoscript
a3f09004 T do_bdinfo
a3f090d4 t print_num
a3f090ec T do_go
a3f09178 T do_bootm
a3f09710 t fixup_silent_linux
a3f097d4 t do_bootm_netbsd
a3f098e4 T do_bootd
a3f09908 T do_iminfo
a3f09970 t image_info
a3f09ab4 T print_image_hdr
a3f09be8 t print_type
a3f09e9c t zalloc
a3f09eb0 t zfree
a3f09eb8 T gunzip
a3f0a014 t do_bootm_rtems
a3f0a044 t do_bootm_vxworks
a3f0a09c t do_bootm_qnxelf
a3f0a0f4 T do_icache
a3f0a180 T do_dcache
a3f0a20c t on_off
a3f0a254 T do_coninfo
a3f0a32c T do_bootelf
a3f0a3dc T do_bootvx
a3f0a55c T valid_elf_image
a3f0a5b0 T load_elf_image
a3f0a6cc T get_dev
a3f0a734 T do_fat_fsload
a3f0a8c4 T do_fat_ls
a3f0a9d8 T do_fat_fsinfo
a3f0aac0 t abbrev_spec
a3f0ac24 t addr_spec
a3f0add0 t flash_fill_sect_ranges
a3f0afb8 T do_flinfo
a3f0b058 T jffs2_write_header
a3f0b098 T do_flerase
a3f0b2c0 T flash_sect_erase
a3f0b3b8 T do_protect
a3f0b704 T flash_sect_protect
a3f0b838 T do_ide
a3f0bc74 T do_diskboot
a3f0c014 T ide_init
a3f0c1cc T ide_get_dev
a3f0c1e8 t ide_outb
a3f0c208 t ide_inb
a3f0c228 t output_data
a3f0c26c t input_data
a3f0c2b0 t ide_ident
a3f0c3b8 T ide_read
a3f0c5b8 T ide_write
a3f0c720 t ident_cpy
a3f0c7a4 t ide_wait
a3f0c7f4 t evalexp
a3f0c84c t evalstr
a3f0c86c t stringcomp
a3f0c934 t arithcomp
a3f0c9e4 T binary_test
a3f0ca8c T do_itest
a3f0cb40 t device_validate
a3f0cbac T id_parse
a3f0cc94 T mtdparts_init
a3f0ce30 t jffs2_part_info
a3f0cec8 T do_jffs2_fsload
a3f0d058 T do_jffs2_ls
a3f0d0e0 T do_jffs2_fsinfo
a3f0d188 T do_load_serial
a3f0d264 t load_serial
a3f0d40c t read_record
a3f0d4e8 T do_save_serial
a3f0d578 t save_serial
a3f0d6b0 t write_record
a3f0d6e4 T do_load_serial_bin
a3f0d86c t load_serial_bin
a3f0d8f8 T send_pad
a3f0d934 T ktrans
a3f0d960 T chk1
a3f0d994 T s1_sendpacket
a3f0d9c4 T send_ack
a3f0da2c T send_nack
a3f0da94 t bin_data_init
a3f0dacc t os_data_save
a3f0db18 t os_data_restore
a3f0db64 t bin_data_char
a3f0dba8 t set_kerm_bin_mode
a3f0dbe0 T k_data_init
a3f0dc08 T k_data_save
a3f0dc24 T k_data_restore
a3f0dc40 T k_data_char
a3f0dcb4 T handle_send_packet
a3f0decc t k_recv
a3f0e138 T cmd_get_data_size
a3f0e1fc T do_mem_md
a3f0e408 T do_mem_mm
a3f0e434 T do_mem_nm
a3f0e460 T do_mem_mw
a3f0e538 T do_mem_mdc
a3f0e5c8 T do_mem_mwc
a3f0e658 T do_mem_cmp
a3f0e804 T do_mem_cp
a3f0ea0c T do_mem_base
a3f0ea54 T do_mem_loop
a3f0eb68 T do_mem_loopw
a3f0ec90 T do_mem_mtest
a3f0edb0 t mod_mem
a3f0ef28 T do_mem_crc
a3f0f068 T do_sleep
a3f0f0fc T do_mmc
a3f0f12c T do_bootp
a3f0f138 T do_tftpb
a3f0f144 T do_rarpb
a3f0f150 T do_dhcp
a3f0f15c T do_nfs
a3f0f168 t netboot_update_env
a3f0f2bc t netboot_common
a3f0f444 T do_ping
a3f0f4d8 T do_printenv
a3f0f6a0 T _do_setenv
a3f0fbd8 T setenv
a3f0fc18 T do_setenv
a3f0fc58 T getenv
a3f0fcd0 T getenv_r
a3f0fd8c T do_saveenv
a3f0fdb8 t envmatch
a3f0fe2c T do_pinit
a3f0fea4 t hardware_enable
a3f0feac t hardware_disable
a3f0feb4 t voltage_set
a3f0febc T msWait
a3f0fecc T pxa_gpio_mode
a3f0ff98 T setup_pcmcia_gpios
a3f10068 T pcmcia_on
a3f1012c t pcmcia_off
a3f10134 t check_ide_device
a3f1029c t print_funcid
a3f1036c t print_fixed
a3f104ac t identify
a3f105b4 T do_version
a3f105d4 T do_echo
a3f1065c T do_test
a3f10b30 T do_exit
a3f10b60 T do_help
a3f10d24 T find_cmd
a3f10dcc t console_setfile
a3f10e80 T serial_printf
a3f10eb8 T fgetc
a3f10ee0 T ftstc
a3f10f08 T fputc
a3f10f38 T fputs
a3f10f64 T fprintf
a3f10fa4 T getc
a3f10fbc T tstc
a3f10fd4 T putc
a3f11000 T puts
a3f11028 T printf
a3f11060 T vprintf
a3f1108c T ctrlc
a3f110e8 T disable_ctrlc
a3f11100 T had_ctrlc
a3f11110 T clear_ctrlc
a3f11124 T console_assign
a3f111b8 T console_init_f
a3f111e8 T search_device
a3f11270 T console_init_r
a3f1138c T dbg
a3f11398 T nulldev_putc
a3f1139c T nulldev_puts
a3f113a0 T nulldev_input
a3f113a8 t drv_system_init
a3f11474 T device_register
a3f11498 T devices_init
a3f114e4 T devices_done
a3f11500 T malloc_bin_reloc
a3f11534 t malloc_extend_top
a3f116f0 T malloc
a3f11b94 T free
a3f11dd8 T realloc
a3f1223c T memalign
a3f12350 T valloc
a3f1235c T pvalloc
a3f12374 T calloc
a3f1244c T cfree
a3f12450 T malloc_trim
a3f12538 T malloc_usable_size
a3f12578 T mallopt
a3f125e8 T env_crc_update
a3f12614 t env_get_char_init
a3f1263c T env_get_char_memory
a3f1265c T env_get_addr
a3f1267c T env_relocate
a3f12714 T env_get_char_spec
a3f12720 T env_init
a3f12774 T saveenv
a3f1287c T env_relocate_spec
a3f1289c t dummy
a3f128a0 T get_version
a3f128a8 T jumptable_init
a3f1292c T flash_protect
a3f12a44 T addr2info
a3f12a8c T flash_write
a3f12c38 T flash_perror
a3f12d24 t syntax_err
a3f12d30 t b_check_space
a3f12d98 t b_addchr
a3f12de0 t b_reset
a3f12dfc t b_free
a3f12e20 t b_addqchr
a3f12e74 T simple_itoa
a3f12eb8 t static_get
a3f12ed4 t static_peek
a3f12ee0 t get_user_input
a3f13058 t file_get
a3f130dc t file_peek
a3f130e8 t setup_file_in_str
a3f13118 t setup_string_in_str
a3f13144 t run_pipe_real
a3f133dc t run_list_real
a3f13730 t indenter
a3f13744 t free_pipe
a3f13810 t free_pipe_list
a3f1385c t run_list
a3f13880 t get_local_var
a3f138ec t set_local_var
a3f13aac t is_assignment
a3f13b14 T new_pipe
a3f13b3c t initialize_context
a3f13b74 T reserved_word
a3f13cb0 t done_word
a3f13e3c t done_command
a3f13ec8 t done_pipe
a3f13f18 t lookup_param
a3f13f50 t get_dollar_var
a3f13f9c t handle_dollar
a3f14140 t parse_stream
a3f14428 T mapset
a3f14450 T update_ifs_map
a3f144c4 t parse_stream_outer
a3f14660 T parse_string_outer
a3f14730 T parse_file_outer
a3f14758 t u_boot_hush_reloc
a3f14788 T u_boot_hush_start
a3f147dc t xmalloc
a3f147fc t xrealloc
a3f1481c t insert_var_value
a3f1494c t make_list_in
a3f14aa8 t make_string
a3f14b60 T NewHandle
a3f14bc8 T DisposeHandle
a3f14bf0 T GetHandleSize
a3f14bf8 T SetHandleSize
a3f14c70 t ExpandListSpace
a3f14d3c T ListCreate
a3f14d9c T ListSetAllocationPolicy
a3f14db0 T ListDispose
a3f14db4 T ListInsertItem
a3f14dbc T ListInsertItems
a3f14efc T ListGetItems
a3f14f48 T ListGetPtrToItem
a3f14f78 T ListGetDataPtr
a3f14f84 T ListGetItemSize
a3f14f90 T ListNumItems
a3f14f9c T srec_decode
a3f1522c t hex1_bin
a3f15268 t hex2_bin
a3f152a4 T crc32
a3f153a0 T crc32_no_comp
a3f15494 T display_options
a3f154b4 T print_size
a3f15548 T strnicmp
a3f155d4 T strcpy
a3f155f4 T strncpy
a3f15620 T strcat
a3f15658 T strncat
a3f156b8 T strcmp
a3f156e8 T strncmp
a3f15730 T strchr
a3f15764 T strrchr
a3f1579c T strlen
a3f157c0 T strnlen
a3f15800 T strdup
a3f15840 T strspn
a3f158a0 T strpbrk
a3f158e8 T strtok
a3f15968 T strsep
a3f159a0 T strswab
a3f15a00 T memset
a3f15a24 T bcopy
a3f15a50 T memcpy
a3f15a78 T memmove
a3f15ad8 T memcmp
a3f15b10 T memscan
a3f15b34 T strstr
a3f15ba0 T memchr
a3f15bd4 T simple_strtoul
a3f15c80 T simple_strtol
a3f15cac t skip_atoi
a3f15cf4 t number
a3f15f34 T vsprintf
a3f1642c T sprintf
a3f1644c T panic
a3f16494 T inflateReset
a3f164fc T inflateEnd
a3f1656c T inflateInit2
a3f1663c T inflateInit
a3f16644 T inflate
a3f16a08 T inflateIncomp
a3f16a28 T inflateSync
a3f16b3c t inflate_blocks_reset
a3f16c08 t inflate_blocks_new
a3f16ca8 t inflate_blocks
a3f1773c t inflate_blocks_free
a3f17784 t inflate_addhistory
a3f178ac t inflate_packet_flush
a3f178cc t huft_build
a3f17edc t inflate_trees_bits
a3f17f50 t inflate_trees_dynamic
a3f18068 t falloc
a3f1808c t ffree
a3f18090 t inflate_trees_fixed
a3f182b8 t inflate_trees_free
a3f182f8 t inflate_codes_new
a3f18348 t inflate_codes
a3f189a4 t inflate_codes_free
a3f189c8 t inflate_flush
a3f18b4c t inflate_fast
a3f18e90 T adler32
a3f19008 T board_init
a3f19068 T dram_init
a3f19088 T get_board_serial
a3f190dc T gumstix_serial_hash
a3f191b4 T misc_init_r
a3f1929c T serial_setbrg
a3f19374 T serial_init
a3f19384 T serial_putc
a3f193b8 T serial_tstc
a3f193cc T serial_getc
a3f193f4 T serial_puts
a3f19420 T cpu_init
a3f19428 T cleanup_before_linux
a3f19448 T do_reset
a3f19478 T icache_enable
a3f19488 T icache_disable
a3f1949c T icache_status
a3f194a8 T dcache_enable
a3f194ac T dcache_disable
a3f194b0 T dcache_status
a3f194b8 T set_GPIO_mode
a3f19534 T mmc_get_dev
a3f19540 t mmc_cmd
a3f19690 T mmc_block_read
a3f197bc T mmc_block_write
a3f19928 T mmc_read
a3f19a44 T mmc_write
a3f19ba8 T mmc_bread
a3f19bd0 T mmc_init
a3f19f00 T mmc_ident
a3f19f08 T mmc2info
a3f19f1c T __udivsi3
a3f19f34 t Loop1
a3f19f48 t Lbignum
a3f19f5c t Loop3
a3f19f9c t Lgot_result
a3f19fa4 t Ldiv0
a3f19fb4 T __umodsi3
a3f19fc8 t Loop1
a3f19fdc t Lbignum
a3f19ff0 t Loop3
a3f1a058 t Ldiv0
a3f1a068 T do_bootm_linux
a3f1a39c t setup_start_tag
a3f1a3f4 t setup_memory_tags
a3f1a444 t setup_commandline_tag
a3f1a4cc t setup_initrd_tag
a3f1a518 T setup_serial_tag
a3f1a564 t setup_end_tag
a3f1a584 T flush_cache
a3f1a588 T __div0
a3f1a58c t cramfs_read_super
a3f1a6c8 t cramfs_resolve
a3f1a7f8 t cramfs_uncompress
a3f1a8a0 T cramfs_load
a3f1a98c t cramfs_list_inode
a3f1aaec T cramfs_ls
a3f1ac6c T cramfs_info
a3f1ad38 T cramfs_check
a3f1ada8 t zalloc
a3f1adbc t zfree
a3f1adc4 T cramfs_uncompress_block
a3f1ae10 T cramfs_uncompress_init
a3f1ae74 T cramfs_uncompress_exit
a3f1ae8c t downcase
a3f1aeb8 T disk_read
a3f1af20 T fat_register_device
a3f1b02c t dirdelim
a3f1b060 t compare_sign
a3f1b090 t get_name
a3f1b158 t get_fatent
a3f1b2b8 t get_cluster
a3f1b34c t get_contents
a3f1b4b8 t slot2str
a3f1b584 t get_vfatname
a3f1b714 t mkcksum
a3f1b748 t get_dentfromdir
a3f1b9ac t read_bootsectandvi
a3f1ba9c T do_fat_read
a3f1c074 T file_fat_detectfs
a3f1c1bc T file_fat_ls
a3f1c1cc T file_fat_read
a3f1c204 t free_nodes
a3f1c234 t add_node
a3f1c2c8 t insert_node
a3f1c32c t jffs2_scan_empty
a3f1c3dc T jffs2_free_cache
a3f1c40c t jffs_init_1pass_list
a3f1c43c t jffs2_1pass_read_inode
a3f1c718 t jffs2_1pass_find_inode
a3f1c8e8 T mkmodestr
a3f1ca00 t jffs2_1pass_list_inodes
a3f1ce18 t jffs2_1pass_search_inode
a3f1cf6c t jffs2_1pass_resolve_inode
a3f1d248 t jffs2_1pass_search_list_inodes
a3f1d400 T jffs2_1pass_rescan_needed
a3f1d4c4 t jffs2_1pass_build_lists
a3f1d8ac t jffs2_1pass_fill_info
a3f1d9e8 t jffs2_get_list
a3f1da44 T jffs2_1pass_ls
a3f1daa0 T jffs2_1pass_load
a3f1db64 T jffs2_1pass_info
a3f1dbd4 t localtime_r
a3f1de0c T rtime_decompress
a3f1dee0 T rubin_do_decompress
a3f1dfc8 T dynrubin_decompress
a3f1e014 T zlib_decompress
a3f1e02c t init_stream
a3f1e0fc t discard_bits
a3f1e11c t decompress_none
a3f1e1ac t read_symbol
a3f1e288 t decompress_huffman
a3f1e46c t fill_code_tables
a3f1e568 t init_code_tables
a3f1e5e4 t decompress_dynamic
a3f1eb40 t decompress_fixed
a3f1ecb0 T decompress_block
a3f1edc8 T cramfs_memset
a3f1ede4 T pull_bits
a3f1ee4c T pull_bit
a3f1ee8c T dev_print
a3f1f020 T init_part
a3f1f03c T get_partition_info
a3f1f064 t print_part_header
a3f1f104 T print_part
a3f1f144 t print_one_part
a3f1f1e4 t test_block_type
a3f1f23c T test_part_dos
a3f1f290 t print_partition_extended
a3f1f420 t get_partition_info_extended
a3f1f6c0 T print_part_dos
a3f1f6ec T get_partition_info_dos
a3f1f79c R version_string
a3f1f7fc r JFFS2_CLEAN_HEADER
a3f1f808 r baudrate_table
a3f1f860 r m8xx_size_to_gray
a3f1f8e0 r crc_table
a3f1fce8 r mon_lengths.0
a3f1fd48 r year_lengths.1
a3f1fd50 r day_name.3
a3f1fd65 r mon_name.4
a3f25aac D init_sequence
a3f25ad8 D NetBcastAddr
a3f25ade D NetOurVLAN
a3f25ae0 D NetOurNativeVLAN
a3f25ae4 d nfs_offset
a3f25ae8 d smc_mac_addr
a3f25af0 d erase_seq
a3f25af4 d tab_seq
a3f25b00 D load_addr
a3f25b04 d curr_device
a3f25b08 D op_table
a3f25b70 d do_echo
a3f25b74 D dp_last_length
a3f25b78 D indent
a3f25b7c d known_cards
a3f25b84 D stdio_names
a3f25b90 d av_
a3f25f98 d trim_threshold
a3f25f9c d mmap_threshold
a3f25fa0 d sbrk_base
a3f25fa4 D env_get_char
a3f25fa8 D default_environment
a3f26224 D env_name_spec
a3f26228 D env_ptr
a3f2622c d flash_addr
a3f26230 d blanks.2
a3f26258 d reserved_list
a3f262dc D _ctype
a3f263dc d inflate_mask
a3f26420 d border
a3f2646c d cplens
a3f264e8 d cplext
a3f26564 d cpdist
a3f265dc d cpdext
a3f26654 d fixed_left
a3f26658 D zlib_version
a3f2665c D z_errmsg
a3f2667c d cur_part
a3f26680 d compr_names
a3f2669c d spinner
a3f266a0 d l.2
a3f266a4 d huffman_order
a3f266b8 A __u_boot_cmd_start
a3f266b8 D __u_boot_cmd_autoscr
a3f266d0 D __u_boot_cmd_bdinfo
a3f266e8 D __u_boot_cmd_go
a3f26700 D __u_boot_cmd_reset
a3f26718 D __u_boot_cmd_bootm
a3f26730 D __u_boot_cmd_boot
a3f26748 D __u_boot_cmd_bootd
a3f26760 D __u_boot_cmd_iminfo
a3f26778 D __u_boot_cmd_icache
a3f26790 D __u_boot_cmd_dcache
a3f267a8 D __u_boot_cmd_coninfo
a3f267c0 D __u_boot_cmd_bootelf
a3f267d8 D __u_boot_cmd_bootvx
a3f267f0 D __u_boot_cmd_fatload
a3f26808 D __u_boot_cmd_fatls
a3f26820 D __u_boot_cmd_fatinfo
a3f26838 D __u_boot_cmd_flinfo
a3f26850 D __u_boot_cmd_erase
a3f26868 D __u_boot_cmd_jerase
a3f26880 D __u_boot_cmd_protect
a3f26898 D __u_boot_cmd_ide
a3f268b0 D __u_boot_cmd_diskboot
a3f268c8 D __u_boot_cmd_itest
a3f268e0 D __u_boot_cmd_fsload
a3f268f8 D __u_boot_cmd_ls
a3f26910 D __u_boot_cmd_fsinfo
a3f26928 D __u_boot_cmd_loads
a3f26940 D __u_boot_cmd_saves
a3f26958 D __u_boot_cmd_loadb
a3f26970 D __u_boot_cmd_md
a3f26988 D __u_boot_cmd_mm
a3f269a0 D __u_boot_cmd_nm
a3f269b8 D __u_boot_cmd_mw
a3f269d0 D __u_boot_cmd_cp
a3f269e8 D __u_boot_cmd_cmp
a3f26a00 D __u_boot_cmd_crc32
a3f26a18 D __u_boot_cmd_base
a3f26a30 D __u_boot_cmd_loop
a3f26a48 D __u_boot_cmd_loopw
a3f26a60 D __u_boot_cmd_mtest
a3f26a78 D __u_boot_cmd_mdc
a3f26a90 D __u_boot_cmd_mwc
a3f26aa8 D __u_boot_cmd_sleep
a3f26ac0 D __u_boot_cmd_mmcinit
a3f26ad8 D __u_boot_cmd_bootp
a3f26af0 D __u_boot_cmd_tftpboot
a3f26b08 D __u_boot_cmd_rarpboot
a3f26b20 D __u_boot_cmd_dhcp
a3f26b38 D __u_boot_cmd_nfs
a3f26b50 D __u_boot_cmd_ping
a3f26b68 D __u_boot_cmd_printenv
a3f26b80 D __u_boot_cmd_setenv
a3f26b98 D __u_boot_cmd_saveenv
a3f26bb0 D __u_boot_cmd_run
a3f26bc8 D __u_boot_cmd_pinit
a3f26be0 D __u_boot_cmd_version
a3f26bf8 D __u_boot_cmd_echo
a3f26c10 D __u_boot_cmd_test
a3f26c28 D __u_boot_cmd_exit
a3f26c40 D __u_boot_cmd_help
a3f26c58 D __u_boot_cmd_question_mark
a3f26c70 A __bss_start
a3f26c70 A __u_boot_cmd_end
a3f26c70 b mem_malloc_start
a3f26c74 b mem_malloc_end
a3f26c78 b mem_malloc_brk
a3f26c7c B monitor_flash_len
a3f26c80 B NetOurSubnetMask
a3f26c84 B NetOurGatewayIP
a3f26c88 B NetOurDNSIP
a3f26c8c B NetOurNISDomain
a3f26cac B NetOurHostName
a3f26ccc B NetOurRootPath
a3f26d0c B NetBootFileSize
a3f26d0e B NetServerEther
a3f26d14 B NetEtherNullAddr
a3f26d1c B NetRestartWrap
a3f26d20 b NetRestarted
a3f26d24 b NetDevExists
a3f26d28 B NetTxPacket
a3f26d2c b mac.0
a3f26d34 B NetBootFileXferSize
a3f26d38 B NetOurEther
a3f26d40 B NetOurIP
a3f26d44 B NetServerIP
a3f26d48 B NetRxPackets
a3f26d58 B NetRxPkt
a3f26d5c B NetRxPktLen
a3f26d60 B NetIPID
a3f26d64 B NetState
a3f26d68 B BootFile
a3f26de8 B NetPingIP
a3f26dec B PktBuf
a3f28c0c b packetHandler
a3f28c10 b timeHandler
a3f28c14 b timeStart
a3f28c18 b timeDelta
a3f28c1c B NetArpWaitPacketIP
a3f28c20 B NetArpWaitReplyIP
a3f28c24 B NetArpWaitPacketMAC
a3f28c28 B NetArpWaitTxPacket
a3f28c2c B NetArpWaitTxPacketSize
a3f28c30 B NetArpWaitPacketBuf
a3f29250 B NetArpWaitTimerStart
a3f29254 B NetArpWaitTry
a3f29258 b PingSeqNo
a3f2925c b TftpServerPort
a3f29260 b TftpOurPort
a3f29264 b TftpTimeoutCount
a3f29268 b TftpBlock
a3f2926c b TftpLastBlock
a3f29270 b TftpBlockWrap
a3f29274 b TftpBlockWrapOffset
a3f29278 b TftpState
a3f2927c b default_filename
a3f2928c b tftp_filename
a3f29290 B dhcp_state
a3f29294 B dhcp_leasetime
a3f29298 B NetDHCPServerIP
a3f2929c B BootpID
a3f292a0 B BootpTry
a3f292a4 B RarpTry
a3f292a8 b first_failed.0
a3f292ac b eth_devices
a3f292b0 b eth_current
a3f292b4 b fs_mounted
a3f292b8 b rpc_id
a3f292bc b nfs_len
a3f292c0 b dirfh
a3f292e0 b filefh
a3f29300 b NfsDownloadState
a3f29304 b NfsServerIP
a3f29308 b NfsSrvMountPort
a3f2930c b NfsSrvNfsPort
a3f29310 b NfsOurPort
a3f29314 b NfsTimeoutCount
a3f29318 b NfsState
a3f2931c b default_filename
a3f2935c b nfs_filename
a3f29360 b nfs_path
a3f29364 b nfs_path_buff
a3f29b64 b bank_base
a3f29b68 B flash_info
a3f2a08c b input_size
a3f2a090 b input_offset
a3f2a094 b input_recursion
a3f2a098 b output_recursion
a3f2a09c b output_packet_len
a3f2a0a0 b input_buffer
a3f2a2a0 b net_timeout
a3f2a2a4 b nc_ether
a3f2a2ac b nc_ip
a3f2a2b0 b nc_port
a3f2a2b4 b output_packet
a3f2a2b8 B console_buffer
a3f2a4b8 B header
a3f2a4f8 B ide_bus_offset
a3f2a4fc b ide_bus_ok
a3f2a500 B ide_dev_desc
a3f2a564 b current_dev
a3f2a568 b current_partnum
a3f2a56c b initialized.0
a3f2a570 B os_data_count
a3f2a574 B os_data_header
a3f2a594 B his_eol
a3f2a598 B his_pad_count
a3f2a59c B his_pad_char
a3f2a59d B his_quote
a3f2a59e b a_b
a3f2a5b8 B os_data_init
a3f2a5bc B os_data_char
a3f2a5c0 b os_data_state
a3f2a5c4 b os_data_state_saved
a3f2a5c8 b os_data_count_saved
a3f2a5cc b os_data_addr
a3f2a5d0 b os_data_addr_saved
a3f2a5d4 b bin_start_address
a3f2a5d8 b k_data_escape
a3f2a5dc b k_data_escape_saved
a3f2a5e0 B send_parms
a3f2a5f4 B send_ptr
a3f2a5f8 b base_address
a3f2a5fc B dp_last_addr
a3f2a600 B dp_last_size
a3f2a604 B mm_last_addr
a3f2a608 B mm_last_size
a3f2a60c B ide_devices_found
a3f2a610 b ctrlc_disabled
a3f2a614 b ctrlc_was_pressed
a3f2a618 B devlist
a3f2a61c B stdio_devices
a3f2a628 b top_pad
a3f2a62c b n_mmaps_max
a3f2a630 b max_sbrked_mem
a3f2a634 b max_total_mem
a3f2a638 b current_mallinfo
a3f2a660 b mmapped_mem
a3f2a664 b flag_repeat
a3f2a668 b do_repeat
a3f2a66c b top_vars
a3f2a670 b local.0
a3f2a686 b the_command.1
a3f2a886 b buf.3
a3f2a8b0 B last_return_code
a3f2a8b4 B nesting_level
a3f2a8b8 b ifs
a3f2a8bc b map
a3f2a9bc B ___strtok
a3f2a9c0 b fixed_lock
a3f2a9c4 b fixed_built
a3f2a9c8 b fixed_mem
a3f2ba58 b fixed_bl
a3f2ba5c b fixed_bd
a3f2ba60 b fixed_tl
a3f2ba64 b fixed_td
a3f2ba68 b system_serial
a3f2ba70 b mmc_ready
a3f2ba74 b resp.0
a3f2ba88 b mmc_dev
a3f2baec b mmc_buf
a3f2bcec b mmc_csd
a3f2bcfc b params
a3f2bd00 B super
a3f2bd4c b stream
a3f2bd80 b cur_dev
a3f2bd84 b part_offset
a3f2bd88 B get_vfatname_block
a3f3bd88 B get_dentfromdir_block
a3f4bd88 B do_fat_read_block
a3f5bd88 b current_part
a3f5bd8c A _end
