Archive member included because of file (symbol)

cpu/pxa/libpxa.a(interrupts.o)
                              cpu/pxa/start.o (do_undefined_instruction)
lib_arm/libarm.a(board.o)     cpu/pxa/start.o (start_armboot)
net/libnet.a(net.o)           lib_arm/libarm.a(board.o) (getenv_IPaddr)
net/libnet.a(tftp.o)          net/libnet.a(net.o) (TftpStart)
net/libnet.a(bootp.o)         net/libnet.a(net.o) (BootpRequest)
net/libnet.a(rarp.o)          net/libnet.a(net.o) (RarpRequest)
net/libnet.a(eth.o)           net/libnet.a(net.o) (eth_get_dev)
net/libnet.a(nfs.o)           net/libnet.a(net.o) (NfsStart)
drivers/libdrivers.a(cfi_flash.o)
                              lib_arm/libarm.a(board.o) (flash_init)
drivers/libdrivers.a(netconsole.o)
                              net/libnet.a(net.o) (NcStart)
drivers/libdrivers.a(smc91111.o)
                              lib_arm/libarm.a(board.o) (smc_set_mac_addr)
common/libcommon.a(main.o)    lib_arm/libarm.a(board.o) (main_loop)
common/libcommon.a(cmd_autoscript.o)
                              (__u_boot_cmd_autoscr)
common/libcommon.a(cmd_bdinfo.o)
                              (__u_boot_cmd_bdinfo)
common/libcommon.a(cmd_boot.o)
                              (__u_boot_cmd_go)
common/libcommon.a(cmd_bootm.o)
                              lib_arm/libarm.a(board.o) (load_addr)
common/libcommon.a(cmd_cache.o)
                              (__u_boot_cmd_icache)
common/libcommon.a(cmd_console.o)
                              (__u_boot_cmd_coninfo)
common/libcommon.a(cmd_elf.o)
                              common/libcommon.a(cmd_bootm.o) (do_bootelf)
common/libcommon.a(cmd_fat.o)
                              (__u_boot_cmd_fatload)
common/libcommon.a(cmd_flash.o)
                              (__u_boot_cmd_flinfo)
common/libcommon.a(cmd_ide.o)
                              common/libcommon.a(cmd_fat.o) (ide_get_dev)
common/libcommon.a(cmd_itest.o)
                              (__u_boot_cmd_itest)
common/libcommon.a(cmd_jffs2.o)
                              (__u_boot_cmd_fsload)
common/libcommon.a(cmd_load.o)
                              (__u_boot_cmd_loads)
common/libcommon.a(cmd_mem.o)
                              common/libcommon.a(cmd_itest.o) (cmd_get_data_size)
common/libcommon.a(cmd_misc.o)
                              (__u_boot_cmd_sleep)
common/libcommon.a(cmd_mmc.o)
                              (__u_boot_cmd_mmcinit)
common/libcommon.a(cmd_net.o)
                              (__u_boot_cmd_bootp)
common/libcommon.a(cmd_nvedit.o)
                              net/libnet.a(net.o) (setenv)
common/libcommon.a(cmd_pcmcia.o)
                              (__u_boot_cmd_pinit)
common/libcommon.a(command.o)
                              (__u_boot_cmd_version)
common/libcommon.a(console.o)
                              cpu/pxa/libpxa.a(interrupts.o) (printf)
common/libcommon.a(devices.o)
                              common/libcommon.a(cmd_console.o) (devlist)
common/libcommon.a(dlmalloc.o)
                              common/libcommon.a(cmd_autoscript.o) (free)
common/libcommon.a(env_common.o)
                              common/libcommon.a(cmd_nvedit.o) (env_get_char)
common/libcommon.a(env_flash.o)
                              common/libcommon.a(cmd_nvedit.o) (env_name_spec)
common/libcommon.a(exports.o)
                              lib_arm/libarm.a(board.o) (jumptable_init)
common/libcommon.a(flash.o)   drivers/libdrivers.a(cfi_flash.o) (flash_protect)
common/libcommon.a(hush.o)    common/libcommon.a(main.o) (parse_string_outer)
common/libcommon.a(lists.o)   common/libcommon.a(devices.o) (ListCreate)
common/libcommon.a(s_record.o)
                              common/libcommon.a(cmd_load.o) (srec_decode)
lib_generic/libgeneric.a(crc32.o)
                              common/libcommon.a(cmd_autoscript.o) (crc32)
lib_generic/libgeneric.a(ctype.o)
                              common/libcommon.a(cmd_jffs2.o) (_ctype)
lib_generic/libgeneric.a(display_options.o)
                              lib_arm/libarm.a(board.o) (print_size)
lib_generic/libgeneric.a(string.o)
                              net/libnet.a(net.o) (strcpy)
lib_generic/libgeneric.a(vsprintf.o)
                              lib_arm/libarm.a(board.o) (simple_strtoul)
lib_generic/libgeneric.a(zlib.o)
                              common/libcommon.a(cmd_bootm.o) (inflateEnd)
board/gumstix/libgumstix.a(gumstix.o)
                              lib_arm/libarm.a(board.o) (board_init)
cpu/pxa/libpxa.a(serial.o)    common/libcommon.a(cmd_load.o) (serial_setbrg)
cpu/pxa/libpxa.a(cpu.o)       lib_arm/libarm.a(board.o) (cpu_init)
cpu/pxa/libpxa.a(mmc.o)       common/libcommon.a(cmd_fat.o) (mmc_get_dev)
lib_arm/libarm.a(_udivsi3.o)  drivers/libdrivers.a(cfi_flash.o) (__udivsi3)
lib_arm/libarm.a(_umodsi3.o)  common/libcommon.a(dlmalloc.o) (__umodsi3)
lib_arm/libarm.a(armlinux.o)  common/libcommon.a(cmd_bootm.o) (do_bootm_linux)
lib_arm/libarm.a(cache.o)     common/libcommon.a(cmd_elf.o) (flush_cache)
lib_arm/libarm.a(div0.o)      lib_arm/libarm.a(_udivsi3.o) (__div0)
fs/cramfs/libcramfs.a(cramfs.o)
                              common/libcommon.a(cmd_jffs2.o) (cramfs_load)
fs/cramfs/libcramfs.a(uncompress.o)
                              fs/cramfs/libcramfs.a(cramfs.o) (cramfs_uncompress_block)
fs/fat/libfat.a(fat.o)        common/libcommon.a(cmd_fat.o) (fat_register_device)
fs/jffs2/libjffs2.a(jffs2_1pass.o)
                              fs/cramfs/libcramfs.a(cramfs.o) (mkmodestr)
fs/jffs2/libjffs2.a(compr_rtime.o)
                              fs/jffs2/libjffs2.a(jffs2_1pass.o) (rtime_decompress)
fs/jffs2/libjffs2.a(compr_rubin.o)
                              fs/jffs2/libjffs2.a(jffs2_1pass.o) (dynrubin_decompress)
fs/jffs2/libjffs2.a(compr_zlib.o)
                              fs/jffs2/libjffs2.a(jffs2_1pass.o) (zlib_decompress)
fs/jffs2/libjffs2.a(mini_inflate.o)
                              fs/jffs2/libjffs2.a(compr_zlib.o) (decompress_block)
disk/libdisk.a(part.o)        common/libcommon.a(cmd_ide.o) (dev_print)
disk/libdisk.a(part_dos.o)    disk/libdisk.a(part.o) (test_part_dos)

Memory Configuration

Name             Origin             Length             Attributes
*default*        0x00000000         0xffffffff

Linker script and memory map

                0x00000000                . = 0x0
                0x00000000                . = ALIGN (0x4)

.text           0xa3f00000    0x1f71c
 cpu/pxa/start.o(.text)
 .text          0xa3f00000      0xbc0 cpu/pxa/start.o
                0xa3f00048                _bss_start
                0xa3f0004c                _bss_end
                0xa3f00044                _armboot_start
                0xa3f00000                _start
                0xa3f00b80                reset_cpu
 board/gumstix/memsetup.o(.text)
 .text          0xa3f00bc0      0x260 board/gumstix/memsetup.o
                0xa3f00bc0                lowlevel_init
 *(.text)
 .text          0xa3f00e20      0x338 cpu/pxa/libpxa.a(interrupts.o)
                0xa3f010a4                set_timer
                0xa3f0108c                reset_timer
                0xa3f0103c                do_fiq
                0xa3f01084                interrupt_init
                0xa3f00f88                do_undefined_instruction
                0xa3f00e48                show_regs
                0xa3f01060                do_irq
                0xa3f01150                get_tbclk
                0xa3f01090                get_timer
                0xa3f010ac                reset_timer_masked
                0xa3f00e2c                bad_mode
                0xa3f010c0                get_timer_masked
                0xa3f010a8                udelay
                0xa3f010d0                udelay_masked
                0xa3f00fd0                do_prefetch_abort
                0xa3f0113c                get_ticks
                0xa3f00e24                disable_interrupts
                0xa3f01018                do_not_used
                0xa3f00ff4                do_data_abort
                0xa3f00fac                do_software_interrupt
                0xa3f00e20                enable_interrupts
 .text          0xa3f01158      0x38c lib_arm/libarm.a(board.o)
                0xa3f014d0                hang
                0xa3f012f0                start_armboot
                0xa3f01194                sbrk
 .text          0xa3f014e4     0x1784 net/libnet.a(net.o)
                0xa3f02c40                getenv_IPaddr
                0xa3f02770                NetCksumOk
                0xa3f01c6c                NetSetTimeout
                0xa3f02a24                copy_filename
                0xa3f027e8                NetEthHdrSize
                0xa3f02a90                ip_to_string
                0xa3f01620                ArpTimeoutCheck
                0xa3f0204c                NetReceive
                0xa3f02ae8                string_to_ip
                0xa3f01cb0                NetSendUDPPacket
                0xa3f02c1c                print_IPaddr
                0xa3f0282c                NetSetEther
                0xa3f016ac                NetLoop
                0xa3f014e4                ArpRequest
                0xa3f02b68                VLAN_to_string
                0xa3f02c50                getenv_VLAN
                0xa3f0279c                NetCksum
                0xa3f028e8                NetSetIP
                0xa3f02bc4                string_to_VLAN
                0xa3f01b50                NetStartAgain
                0xa3f01c5c                NetSetHandler
                0xa3f01e20                PingSend
                0xa3f01cac                NetSendPacket
 .text          0xa3f02c68      0x704 net/libnet.a(tftp.o)
                0xa3f03128                TftpStart
 .text          0xa3f0336c      0xaa4 net/libnet.a(bootp.o)
                0xa3f03e0c                DhcpRequest
                0xa3f036c4                BootpRequest
 .text          0xa3f03e10      0x1a0 net/libnet.a(rarp.o)
                0xa3f03eb0                RarpRequest
 .text          0xa3f03fb0      0x6a4 net/libnet.a(eth.o)
                0xa3f03fc0                eth_get_dev_by_name
                0xa3f04494                eth_halt
                0xa3f0406c                eth_register
                0xa3f03fb0                eth_get_dev
                0xa3f04538                eth_try_another
                0xa3f04368                eth_set_enetaddr
                0xa3f0410c                eth_initialize
                0xa3f045c0                eth_set_current
                0xa3f04504                eth_rx
                0xa3f04018                eth_get_dev_index
                0xa3f04420                eth_init
                0xa3f04634                eth_get_name
                0xa3f044c4                eth_send
 .text          0xa3f04654     0x1090 net/libnet.a(nfs.o)
                0xa3f0543c                NfsStart
 .text          0xa3f056e4     0x1800 drivers/libdrivers.a(cfi_flash.o)
                0xa3f067a0                flash_get_size
                0xa3f056e4                flash_read_ushort
                0xa3f05838                flash_erase
                0xa3f05e70                flash_read_user_serial
                0xa3f0575c                flash_init
                0xa3f059f0                flash_print_info
                0xa3f05714                flash_read_long
                0xa3f05d80                flash_real_protect
                0xa3f06ec8                flash_read_uchar
                0xa3f06eac                flash_make_addr
                0xa3f05ee4                flash_read_factory_serial
                0xa3f05b28                write_buff
 .text          0xa3f06ee4      0x614 drivers/libdrivers.a(netconsole.o)
                0xa3f06f30                NcStart
                0xa3f071d0                nc_start
                0xa3f0700c                nc_input_packet
                0xa3f07470                drv_nc_init
                0xa3f073e4                nc_tstc
                0xa3f0730c                nc_puts
                0xa3f07350                nc_getc
                0xa3f072c8                nc_putc
 .text          0xa3f074f8      0xf4c drivers/libdrivers.a(smc91111.o)
                0xa3f083dc                get_rom_mac
                0xa3f079b0                smc_destructor
                0xa3f074f8                smc_set_mac_addr
                0xa3f079b4                smc_initialize
                0xa3f081c4                smc_get_ethaddr
                0xa3f0751c                dump_memory_info
 .text          0xa3f08444      0x9ac common/libcommon.a(main.o)
                0xa3f08a78                run_command
                0xa3f08c60                do_run
                0xa3f084c0                readline
                0xa3f08444                main_loop
 .text          0xa3f08df0      0x214 common/libcommon.a(cmd_autoscript.o)
                0xa3f08fc4                do_autoscript
                0xa3f08df0                autoscript
 .text          0xa3f09004       0xe8 common/libcommon.a(cmd_bdinfo.o)
                0xa3f09004                do_bdinfo
 .text          0xa3f090ec       0x8c common/libcommon.a(cmd_boot.o)
                0xa3f090ec                do_go
 .text          0xa3f09178      0xf7c common/libcommon.a(cmd_bootm.o)
                0xa3f09ab4                print_image_hdr
                0xa3f098e4                do_bootd
                0xa3f09eb8                gunzip
                0xa3f09178                do_bootm
                0xa3f09908                do_iminfo
 .text          0xa3f0a0f4      0x160 common/libcommon.a(cmd_cache.o)
                0xa3f0a180                do_dcache
                0xa3f0a0f4                do_icache
 .text          0xa3f0a254       0xd8 common/libcommon.a(cmd_console.o)
                0xa3f0a254                do_coninfo
 .text          0xa3f0a32c      0x3a0 common/libcommon.a(cmd_elf.o)
                0xa3f0a32c                do_bootelf
                0xa3f0a3dc                do_bootvx
                0xa3f0a55c                valid_elf_image
                0xa3f0a5b0                load_elf_image
 .text          0xa3f0a6cc      0x3f4 common/libcommon.a(cmd_fat.o)
                0xa3f0a734                do_fat_fsload
                0xa3f0a9d8                do_fat_fsinfo
                0xa3f0a8c4                do_fat_ls
                0xa3f0a6cc                get_dev
 .text          0xa3f0aac0      0xd78 common/libcommon.a(cmd_flash.o)
                0xa3f0afb8                do_flinfo
                0xa3f0b2c0                flash_sect_erase
                0xa3f0b3b8                do_protect
                0xa3f0b098                do_flerase
                0xa3f0b704                flash_sect_protect
                0xa3f0b058                jffs2_write_header
 .text          0xa3f0b838      0xfbc common/libcommon.a(cmd_ide.o)
                0xa3f0c3b8                ide_read
                0xa3f0bc74                do_diskboot
                0xa3f0b838                do_ide
                0xa3f0c1cc                ide_get_dev
                0xa3f0c014                ide_init
                0xa3f0c5b8                ide_write
 .text          0xa3f0c7f4      0x34c common/libcommon.a(cmd_itest.o)
                0xa3f0c9e4                binary_test
                0xa3f0ca8c                do_itest
 .text          0xa3f0cb40      0x648 common/libcommon.a(cmd_jffs2.o)
                0xa3f0cc94                mtdparts_init
                0xa3f0cbac                id_parse
                0xa3f0d0e0                do_jffs2_fsinfo
                0xa3f0d058                do_jffs2_ls
                0xa3f0cec8                do_jffs2_fsload
 .text          0xa3f0d188      0xfb0 common/libcommon.a(cmd_load.o)
                0xa3f0dbe0                k_data_init
                0xa3f0d994                s1_sendpacket
                0xa3f0dcb4                handle_send_packet
                0xa3f0d4e8                do_save_serial
                0xa3f0dc24                k_data_restore
                0xa3f0da2c                send_nack
                0xa3f0d6e4                do_load_serial_bin
                0xa3f0dc40                k_data_char
                0xa3f0d960                chk1
                0xa3f0dc08                k_data_save
                0xa3f0d934                ktrans
                0xa3f0d8f8                send_pad
                0xa3f0d9c4                send_ack
                0xa3f0d188                do_load_serial
 .text          0xa3f0e138      0xf30 common/libcommon.a(cmd_mem.o)
                0xa3f0ea0c                do_mem_base
                0xa3f0e460                do_mem_mw
                0xa3f0ef28                do_mem_crc
                0xa3f0e434                do_mem_nm
                0xa3f0e408                do_mem_mm
                0xa3f0e804                do_mem_cp
                0xa3f0ec90                do_mem_mtest
                0xa3f0e658                do_mem_cmp
                0xa3f0e138                cmd_get_data_size
                0xa3f0ea54                do_mem_loop
                0xa3f0eb68                do_mem_loopw
                0xa3f0e1fc                do_mem_md
                0xa3f0e538                do_mem_mdc
                0xa3f0e5c8                do_mem_mwc
 .text          0xa3f0f068       0x94 common/libcommon.a(cmd_misc.o)
                0xa3f0f068                do_sleep
 .text          0xa3f0f0fc       0x30 common/libcommon.a(cmd_mmc.o)
                0xa3f0f0fc                do_mmc
 .text          0xa3f0f12c      0x3ac common/libcommon.a(cmd_net.o)
                0xa3f0f144                do_rarpb
                0xa3f0f444                do_ping
                0xa3f0f138                do_tftpb
                0xa3f0f150                do_dhcp
                0xa3f0f12c                do_bootp
                0xa3f0f15c                do_nfs
 .text          0xa3f0f4d8      0x954 common/libcommon.a(cmd_nvedit.o)
                0xa3f0fc58                getenv
                0xa3f0f6a0                _do_setenv
                0xa3f0fcd0                getenv_r
                0xa3f0f4d8                do_printenv
                0xa3f0fbd8                setenv
                0xa3f0fd8c                do_saveenv
                0xa3f0fc18                do_setenv
 .text          0xa3f0fe2c      0x788 common/libcommon.a(cmd_pcmcia.o)
                0xa3f0fecc                pxa_gpio_mode
                0xa3f0febc                msWait
                0xa3f0fe2c                do_pinit
                0xa3f0ff98                setup_pcmcia_gpios
                0xa3f10068                pcmcia_on
 .text          0xa3f105b4      0x818 common/libcommon.a(command.o)
                0xa3f105d4                do_echo
                0xa3f10b30                do_exit
                0xa3f10d24                find_cmd
                0xa3f1065c                do_test
                0xa3f10b60                do_help
                0xa3f105b4                do_version
 .text          0xa3f10dcc      0x5cc common/libcommon.a(console.o)
                0xa3f11270                console_init_r
                0xa3f11028                printf
                0xa3f11124                console_assign
                0xa3f10fa4                getc
                0xa3f111e8                search_device
                0xa3f11000                puts
                0xa3f1138c                dbg
                0xa3f10e80                serial_printf
                0xa3f10ee0                ftstc
                0xa3f10f64                fprintf
                0xa3f10fbc                tstc
                0xa3f11060                vprintf
                0xa3f1108c                ctrlc
                0xa3f10fd4                putc
                0xa3f110e8                disable_ctrlc
                0xa3f10eb8                fgetc
                0xa3f11100                had_ctrlc
                0xa3f10f08                fputc
                0xa3f111b8                console_init_f
                0xa3f11110                clear_ctrlc
                0xa3f10f38                fputs
 .text          0xa3f11398      0x168 common/libcommon.a(devices.o)
                0xa3f113a0                nulldev_input
                0xa3f11398                nulldev_putc
                0xa3f1139c                nulldev_puts
                0xa3f11474                device_register
                0xa3f114e4                devices_done
                0xa3f11498                devices_init
 .text          0xa3f11500     0x10e8 common/libcommon.a(dlmalloc.o)
                0xa3f116f0                malloc
                0xa3f1235c                pvalloc
                0xa3f12374                calloc
                0xa3f12538                malloc_usable_size
                0xa3f11dd8                realloc
                0xa3f12450                malloc_trim
                0xa3f11500                malloc_bin_reloc
                0xa3f12578                mallopt
                0xa3f1223c                memalign
                0xa3f1244c                cfree
                0xa3f12350                valloc
                0xa3f11b94                free
 .text          0xa3f125e8      0x12c common/libcommon.a(env_common.o)
                0xa3f1265c                env_get_addr
                0xa3f1267c                env_relocate
                0xa3f125e8                env_crc_update
                0xa3f1263c                env_get_char_memory
 .text          0xa3f12714      0x188 common/libcommon.a(env_flash.o)
                0xa3f1287c                env_relocate_spec
                0xa3f12774                saveenv
                0xa3f12714                env_get_char_spec
                0xa3f12720                env_init
 .text          0xa3f1289c       0x90 common/libcommon.a(exports.o)
                0xa3f128a8                jumptable_init
                0xa3f128a0                get_version
 .text          0xa3f1292c      0x3f8 common/libcommon.a(flash.o)
                0xa3f12a8c                flash_write
                0xa3f1292c                flash_protect
                0xa3f12a44                addr2info
                0xa3f12c38                flash_perror
 .text          0xa3f12d24     0x1e3c common/libcommon.a(hush.o)
                0xa3f13b14                new_pipe
                0xa3f14428                mapset
                0xa3f14660                parse_string_outer
                0xa3f14450                update_ifs_map
                0xa3f14730                parse_file_outer
                0xa3f12e74                simple_itoa
                0xa3f13b74                reserved_word
                0xa3f14788                u_boot_hush_start
 .text          0xa3f14b60      0x43c common/libcommon.a(lists.o)
                0xa3f14bc8                DisposeHandle
                0xa3f14db0                ListDispose
                0xa3f14dbc                ListInsertItems
                0xa3f14d9c                ListSetAllocationPolicy
                0xa3f14f84                ListGetItemSize
                0xa3f14f78                ListGetDataPtr
                0xa3f14b60                NewHandle
                0xa3f14bf8                SetHandleSize
                0xa3f14db4                ListInsertItem
                0xa3f14bf0                GetHandleSize
                0xa3f14f90                ListNumItems
                0xa3f14f48                ListGetPtrToItem
                0xa3f14d3c                ListCreate
                0xa3f14efc                ListGetItems
 .text          0xa3f14f9c      0x308 common/libcommon.a(s_record.o)
                0xa3f14f9c                srec_decode
 .text          0xa3f152a4      0x1f0 lib_generic/libgeneric.a(crc32.o)
                0xa3f152a4                crc32
                0xa3f153a0                crc32_no_comp
 .text          0xa3f15494       0xb4 lib_generic/libgeneric.a(display_options.o)
                0xa3f15494                display_options
                0xa3f154b4                print_size
 .text          0xa3f15548      0x68c lib_generic/libgeneric.a(string.o)
                0xa3f155d4                strcpy
                0xa3f15b10                memscan
                0xa3f15a78                memmove
                0xa3f15a50                memcpy
                0xa3f159a0                strswab
                0xa3f157c0                strnlen
                0xa3f15764                strrchr
                0xa3f15620                strcat
                0xa3f15ba0                memchr
                0xa3f15b34                strstr
                0xa3f156e8                strncmp
                0xa3f155f4                strncpy
                0xa3f15a24                bcopy
                0xa3f158e8                strtok
                0xa3f15ad8                memcmp
                0xa3f15658                strncat
                0xa3f15800                strdup
                0xa3f15a00                memset
                0xa3f156b8                strcmp
                0xa3f15968                strsep
                0xa3f15548                strnicmp
                0xa3f15840                strspn
                0xa3f1579c                strlen
                0xa3f15730                strchr
                0xa3f158a0                strpbrk
 .text          0xa3f15bd4      0x8c0 lib_generic/libgeneric.a(vsprintf.o)
                0xa3f15f34                vsprintf
                0xa3f15c80                simple_strtol
                0xa3f1644c                panic
                0xa3f1642c                sprintf
                0xa3f15bd4                simple_strtoul
 .text          0xa3f16494     0x2b74 lib_generic/libgeneric.a(zlib.o)
                0xa3f16644                inflate
                0xa3f1656c                inflateInit2
                0xa3f16a08                inflateIncomp
                0xa3f18e90                adler32
                0xa3f16494                inflateReset
                0xa3f16a28                inflateSync
                0xa3f1663c                inflateInit
                0xa3f164fc                inflateEnd
 .text          0xa3f19008      0x294 board/gumstix/libgumstix.a(gumstix.o)
                0xa3f19068                dram_init
                0xa3f19088                get_board_serial
                0xa3f19008                board_init
                0xa3f191b4                misc_init_r
                0xa3f190dc                gumstix_serial_hash
 .text          0xa3f1929c      0x184 cpu/pxa/libpxa.a(serial.o)
                0xa3f1929c                serial_setbrg
                0xa3f193b8                serial_tstc
                0xa3f19384                serial_putc
                0xa3f19374                serial_init
                0xa3f193f4                serial_puts
                0xa3f193cc                serial_getc
 .text          0xa3f19420      0x114 cpu/pxa/libpxa.a(cpu.o)
                0xa3f19428                cleanup_before_linux
                0xa3f194a8                dcache_enable
                0xa3f19420                cpu_init
                0xa3f19478                icache_enable
                0xa3f19448                do_reset
                0xa3f19488                icache_disable
                0xa3f194b8                set_GPIO_mode
                0xa3f194b0                dcache_status
                0xa3f1949c                icache_status
                0xa3f194ac                dcache_disable
 .text          0xa3f19534      0x9e8 cpu/pxa/libpxa.a(mmc.o)
                0xa3f19f00                mmc_ident
                0xa3f19690                mmc_block_read
                0xa3f19a44                mmc_write
                0xa3f19bd0                mmc_init
                0xa3f19534                mmc_get_dev
                0xa3f19f08                mmc2info
                0xa3f19ba8                mmc_bread
                0xa3f19928                mmc_read
                0xa3f197bc                mmc_block_write
 .text          0xa3f19f1c       0x98 lib_arm/libarm.a(_udivsi3.o)
                0xa3f19f1c                __udivsi3
 .text          0xa3f19fb4       0xb4 lib_arm/libarm.a(_umodsi3.o)
                0xa3f19fb4                __umodsi3
 .text          0xa3f1a068      0x51c lib_arm/libarm.a(armlinux.o)
                0xa3f1a518                setup_serial_tag
                0xa3f1a068                do_bootm_linux
 .text          0xa3f1a584        0x4 lib_arm/libarm.a(cache.o)
                0xa3f1a584                flush_cache
 .text          0xa3f1a588        0x4 lib_arm/libarm.a(div0.o)
                0xa3f1a588                __div0
 .text          0xa3f1a58c      0x81c fs/cramfs/libcramfs.a(cramfs.o)
                0xa3f1ac6c                cramfs_info
                0xa3f1ad38                cramfs_check
                0xa3f1a8a0                cramfs_load
                0xa3f1aaec                cramfs_ls
 .text          0xa3f1ada8       0xe4 fs/cramfs/libcramfs.a(uncompress.o)
                0xa3f1ae74                cramfs_uncompress_exit
                0xa3f1adc4                cramfs_uncompress_block
                0xa3f1ae10                cramfs_uncompress_init
 .text          0xa3f1ae8c     0x1378 fs/fat/libfat.a(fat.o)
                0xa3f1c1cc                file_fat_read
                0xa3f1ba9c                do_fat_read
                0xa3f1c1bc                file_fat_ls
                0xa3f1c074                file_fat_detectfs
                0xa3f1aeb8                disk_read
                0xa3f1af20                fat_register_device
 .text          0xa3f1c204     0x1c08 fs/jffs2/libjffs2.a(jffs2_1pass.o)
                0xa3f1daa0                jffs2_1pass_load
                0xa3f1db64                jffs2_1pass_info
                0xa3f1da44                jffs2_1pass_ls
                0xa3f1d400                jffs2_1pass_rescan_needed
                0xa3f1c8e8                mkmodestr
                0xa3f1c3dc                jffs2_free_cache
 .text          0xa3f1de0c       0xd4 fs/jffs2/libjffs2.a(compr_rtime.o)
                0xa3f1de0c                rtime_decompress
 .text          0xa3f1dee0      0x134 fs/jffs2/libjffs2.a(compr_rubin.o)
                0xa3f1dfc8                dynrubin_decompress
                0xa3f1dee0                rubin_do_decompress
 .text          0xa3f1e014       0x18 fs/jffs2/libjffs2.a(compr_zlib.o)
                0xa3f1e014                zlib_decompress
 .text          0xa3f1e02c      0xe60 fs/jffs2/libjffs2.a(mini_inflate.o)
                0xa3f1ecb0                decompress_block
                0xa3f1ede4                pull_bits
                0xa3f1ee4c                pull_bit
                0xa3f1edc8                cramfs_memset
 .text          0xa3f1ee8c      0x2b8 disk/libdisk.a(part.o)
                0xa3f1ee8c                dev_print
                0xa3f1f104                print_part
                0xa3f1f03c                get_partition_info
                0xa3f1f020                init_part
 .text          0xa3f1f144      0x5d8 disk/libdisk.a(part_dos.o)
                0xa3f1f6ec                get_partition_info_dos
                0xa3f1f6c0                print_part_dos
                0xa3f1f23c                test_part_dos

.glue_7         0xa3f1f71c        0x0

.glue_7t        0xa3f1f71c        0x0
                0xa3f1f71c                . = ALIGN (0x4)

.rodata         0xa3f1f71c      0x670
 *(.rodata)
 .rodata        0xa3f1f71c       0x80 cpu/pxa/libpxa.a(interrupts.o)
 .rodata        0xa3f1f79c       0x50 lib_arm/libarm.a(board.o)
                0xa3f1f79c                version_string
 .rodata        0xa3f1f7ec        0x8 net/libnet.a(net.o)
 .rodata        0xa3f1f7f4        0x8 net/libnet.a(eth.o)
 .rodata        0xa3f1f7fc        0xc common/libcommon.a(cmd_flash.o)
 .rodata        0xa3f1f808       0x18 common/libcommon.a(cmd_nvedit.o)
 .rodata        0xa3f1f820       0xc0 common/libcommon.a(cmd_pcmcia.o)
 .rodata        0xa3f1f8e0      0x400 lib_generic/libgeneric.a(crc32.o)
 .rodata        0xa3f1fce0        0x8 board/gumstix/libgumstix.a(gumstix.o)
 .rodata        0xa3f1fce8       0xa4 fs/jffs2/libjffs2.a(jffs2_1pass.o)

.rodata.str1.4  0xa3f1fd8c     0x5d1d
 .rodata.str1.4
                0xa3f1fd8c      0x297 cpu/pxa/libpxa.a(interrupts.o)
                                0x29c (size before relaxing)
 *fill*         0xa3f20023        0x1 00
 .rodata.str1.4
                0xa3f20024       0xca lib_arm/libarm.a(board.o)
                                 0xd0 (size before relaxing)
 *fill*         0xa3f200ee        0x2 00
 .rodata.str1.4
                0xa3f200f0      0x243 net/libnet.a(net.o)
                                0x244 (size before relaxing)
 *fill*         0xa3f20333        0x1 00
 .rodata.str1.4
                0xa3f20334      0x1cb net/libnet.a(tftp.o)
                                0x1e8 (size before relaxing)
 *fill*         0xa3f204ff        0x1 00
 .rodata.str1.4
                0xa3f20500       0xd5 net/libnet.a(bootp.o)
                                0x10c (size before relaxing)
 *fill*         0xa3f205d5        0x3 00
 .rodata.str1.4
                0xa3f205d8       0x13 net/libnet.a(rarp.o)
                                 0x4c (size before relaxing)
 *fill*         0xa3f205eb        0x1 00
 .rodata.str1.4
                0xa3f205ec       0xf0 net/libnet.a(eth.o)
                                 0xfc (size before relaxing)
 .rodata.str1.4
                0xa3f206dc      0x125 net/libnet.a(nfs.o)
                                0x1c4 (size before relaxing)
 *fill*         0xa3f20801        0x3 00
 .rodata.str1.4
                0xa3f20804      0x2cd drivers/libdrivers.a(cfi_flash.o)
                                0x2d0 (size before relaxing)
 *fill*         0xa3f20ad1        0x3 00
 .rodata.str1.4
                0xa3f20ad4        0xb drivers/libdrivers.a(netconsole.o)
                                 0x1c (size before relaxing)
 *fill*         0xa3f20adf        0x1 00
 .rodata.str1.4
                0xa3f20ae0      0x241 drivers/libdrivers.a(smc91111.o)
                                0x24c (size before relaxing)
 *fill*         0xa3f20d21        0x3 00
 .rodata.str1.4
                0xa3f20d24       0xf0 common/libcommon.a(main.o)
                                 0xf4 (size before relaxing)
 .rodata.str1.4
                0xa3f20e14       0xf7 common/libcommon.a(cmd_autoscript.o)
                                 0xf8 (size before relaxing)
 *fill*         0xa3f20f0b        0x1 00
 .rodata.str1.4
                0xa3f20f0c       0xbe common/libcommon.a(cmd_bdinfo.o)
                                 0xc0 (size before relaxing)
 *fill*         0xa3f20fca        0x2 00
 .rodata.str1.4
                0xa3f20fcc      0x10c common/libcommon.a(cmd_boot.o)
                                0x118 (size before relaxing)
 .rodata.str1.4
                0xa3f210d8      0x7ef common/libcommon.a(cmd_bootm.o)
                                0x830 (size before relaxing)
 *fill*         0xa3f218c7        0x1 00
 .rodata.str1.4
                0xa3f218c8      0x125 common/libcommon.a(cmd_cache.o)
                                0x13c (size before relaxing)
 *fill*         0xa3f219ed        0x3 00
 .rodata.str1.4
                0xa3f219f0       0x6d common/libcommon.a(cmd_console.o)
                                 0x74 (size before relaxing)
 *fill*         0xa3f21a5d        0x3 00
 .rodata.str1.4
                0xa3f21a60      0x2d5 common/libcommon.a(cmd_elf.o)
                                0x2f0 (size before relaxing)
 *fill*         0xa3f21d35        0x3 00
 .rodata.str1.4
                0xa3f21d38      0x3e1 common/libcommon.a(cmd_fat.o)
                                0x3f8 (size before relaxing)
 *fill*         0xa3f22119        0x3 00
 .rodata.str1.4
                0xa3f2211c      0x857 common/libcommon.a(cmd_flash.o)
                                0x8a8 (size before relaxing)
 *fill*         0xa3f22973        0x1 00
 .rodata.str1.4
                0xa3f22974      0x4e7 common/libcommon.a(cmd_ide.o)
                                0x548 (size before relaxing)
 *fill*         0xa3f22e5b        0x1 00
 .rodata.str1.4
                0xa3f22e5c       0xcf common/libcommon.a(cmd_itest.o)
                                 0xdc (size before relaxing)
 *fill*         0xa3f22f2b        0x1 00
 .rodata.str1.4
                0xa3f22f2c      0x31b common/libcommon.a(cmd_jffs2.o)
                                0x33c (size before relaxing)
 *fill*         0xa3f23247        0x1 00
 .rodata.str1.4
                0xa3f23248      0x474 common/libcommon.a(cmd_load.o)
                                0x490 (size before relaxing)
 .rodata.str1.4
                0xa3f236bc      0x858 common/libcommon.a(cmd_mem.o)
                                0x874 (size before relaxing)
 .rodata.str1.4
                0xa3f23f14       0x70 common/libcommon.a(cmd_misc.o)
                                 0x7c (size before relaxing)
 .rodata.str1.4
                0xa3f23f84       0x35 common/libcommon.a(cmd_mmc.o)
                                 0x38 (size before relaxing)
 *fill*         0xa3f23fb9        0x3 00
 .rodata.str1.4
                0xa3f23fbc      0x235 common/libcommon.a(cmd_net.o)
                                0x2bc (size before relaxing)
 *fill*         0xa3f241f1        0x3 00
 .rodata.str1.4
                0xa3f241f4      0x30b common/libcommon.a(cmd_nvedit.o)
                                0x3a4 (size before relaxing)
 *fill*         0xa3f244ff        0x1 00
 .rodata.str1.4
                0xa3f24500      0x216 common/libcommon.a(cmd_pcmcia.o)
                                0x220 (size before relaxing)
 *fill*         0xa3f24716        0x2 00
 .rodata.str1.4
                0xa3f24718      0x324 common/libcommon.a(command.o)
                                0x34c (size before relaxing)
 .rodata.str1.4
                0xa3f24a3c        0x7 common/libcommon.a(console.o)
                                 0x10 (size before relaxing)
 *fill*         0xa3f24a43        0x1 00
 .rodata.str1.4
                0xa3f24a44       0x28 common/libcommon.a(devices.o)
                                 0x50 (size before relaxing)
 .rodata.str1.4
                0xa3f24a6c       0x1c common/libcommon.a(env_common.o)
 .rodata.str1.4
                0xa3f24a88       0x31 common/libcommon.a(env_flash.o)
                                 0x3c (size before relaxing)
 *fill*         0xa3f24ab9        0x3 00
 .rodata.str1.4
                0xa3f24abc      0x108 common/libcommon.a(flash.o)
                                0x120 (size before relaxing)
 .rodata.str1.4
                0xa3f24bc4      0x18e common/libcommon.a(hush.o)
                                0x1ec (size before relaxing)
 *fill*         0xa3f24d52        0x2 00
 .rodata.str1.4
                0xa3f24d54       0x17 lib_generic/libgeneric.a(display_options.o)
                                 0x20 (size before relaxing)
 *fill*         0xa3f24d6b        0x1 00
 .rodata.str1.4
                0xa3f24d6c       0x57 lib_generic/libgeneric.a(vsprintf.o)
                                 0x58 (size before relaxing)
 *fill*         0xa3f24dc3        0x1 00
 .rodata.str1.4
                0xa3f24dc4      0x20f lib_generic/libgeneric.a(zlib.o)
                                0x214 (size before relaxing)
 *fill*         0xa3f24fd3        0x1 00
 .rodata.str1.4
                0xa3f24fd4       0x29 board/gumstix/libgumstix.a(gumstix.o)
                                 0x34 (size before relaxing)
 *fill*         0xa3f24ffd        0x3 00
 .rodata.str1.4
                0xa3f25000        0xf cpu/pxa/libpxa.a(cpu.o)
                                 0x10 (size before relaxing)
 *fill*         0xa3f2500f        0x1 00
 .rodata.str1.4
                0xa3f25010      0x102 cpu/pxa/libpxa.a(mmc.o)
                                0x108 (size before relaxing)
 *fill*         0xa3f25112        0x2 00
 .rodata.str1.4
                0xa3f25114       0x5b lib_arm/libarm.a(armlinux.o)
                                 0xc4 (size before relaxing)
 *fill*         0xa3f2516f        0x1 00
 .rodata.str1.4
                0xa3f25170      0x1ac fs/cramfs/libcramfs.a(cramfs.o)
                                0x1b4 (size before relaxing)
 .rodata.str1.4
                0xa3f2531c       0x24 fs/cramfs/libcramfs.a(uncompress.o)
 .rodata.str1.4
                0xa3f25340      0x188 fs/fat/libfat.a(fat.o)
                                0x18c (size before relaxing)
 .rodata.str1.4
                0xa3f254c8      0x36b fs/jffs2/libjffs2.a(jffs2_1pass.o)
                                0x388 (size before relaxing)
 *fill*         0xa3f25833        0x1 00
 .rodata.str1.4
                0xa3f25834      0x17c disk/libdisk.a(part.o)
                                0x19c (size before relaxing)
 .rodata.str1.4
                0xa3f259b0       0xf9 disk/libdisk.a(part_dos.o)
                                0x10c (size before relaxing)
                0xa3f25aac                . = ALIGN (0x4)

.data           0xa3f25aac      0xc0b
 *(.data)
 .data          0xa3f25aac       0x2c lib_arm/libarm.a(board.o)
                0xa3f25aac                init_sequence
 .data          0xa3f25ad8        0xa net/libnet.a(net.o)
                0xa3f25ad8                NetBcastAddr
                0xa3f25ae0                NetOurNativeVLAN
                0xa3f25ade                NetOurVLAN
 *fill*         0xa3f25ae2        0x2 00
 .data          0xa3f25ae4        0x4 net/libnet.a(nfs.o)
 .data          0xa3f25ae8        0x6 drivers/libdrivers.a(smc91111.o)
 *fill*         0xa3f25aee        0x2 00
 .data          0xa3f25af0       0x10 common/libcommon.a(main.o)
 .data          0xa3f25b00        0x4 common/libcommon.a(cmd_bootm.o)
                0xa3f25b00                load_addr
 .data          0xa3f25b04        0x4 common/libcommon.a(cmd_ide.o)
 .data          0xa3f25b08       0x68 common/libcommon.a(cmd_itest.o)
                0xa3f25b08                op_table
 .data          0xa3f25b70        0x4 common/libcommon.a(cmd_load.o)
 .data          0xa3f25b74        0x4 common/libcommon.a(cmd_mem.o)
                0xa3f25b74                dp_last_length
 .data          0xa3f25b78        0xc common/libcommon.a(cmd_pcmcia.o)
                0xa3f25b78                indent
 .data          0xa3f25b84        0xc common/libcommon.a(devices.o)
                0xa3f25b84                stdio_names
 .data          0xa3f25b90      0x414 common/libcommon.a(dlmalloc.o)
 .data          0xa3f25fa4      0x280 common/libcommon.a(env_common.o)
                0xa3f25fa4                env_get_char
                0xa3f25fa8                default_environment
 .data          0xa3f26224        0xc common/libcommon.a(env_flash.o)
                0xa3f26224                env_name_spec
                0xa3f26228                env_ptr
 .data          0xa3f26230       0xac common/libcommon.a(hush.o)
 .data          0xa3f262dc      0x100 lib_generic/libgeneric.a(ctype.o)
                0xa3f262dc                _ctype
 .data          0xa3f263dc      0x2a0 lib_generic/libgeneric.a(zlib.o)
                0xa3f26658                zlib_version
                0xa3f2665c                z_errmsg
 .data          0xa3f2667c        0x4 fs/fat/libfat.a(fat.o)
 .data          0xa3f26680       0x24 fs/jffs2/libjffs2.a(jffs2_1pass.o)
 .data          0xa3f266a4       0x13 fs/jffs2/libjffs2.a(mini_inflate.o)
                0xa3f266b8                . = ALIGN (0x4)

.got
 *(.got)
                0xa3f266b8                __u_boot_cmd_start = .

.u_boot_cmd     0xa3f266b8      0x5b8
 *(.u_boot_cmd)
 .u_boot_cmd    0xa3f266b8       0x18 common/libcommon.a(cmd_autoscript.o)
                0xa3f266b8                __u_boot_cmd_autoscr
 .u_boot_cmd    0xa3f266d0       0x18 common/libcommon.a(cmd_bdinfo.o)
                0xa3f266d0                __u_boot_cmd_bdinfo
 .u_boot_cmd    0xa3f266e8       0x30 common/libcommon.a(cmd_boot.o)
                0xa3f26700                __u_boot_cmd_reset
                0xa3f266e8                __u_boot_cmd_go
 .u_boot_cmd    0xa3f26718       0x60 common/libcommon.a(cmd_bootm.o)
                0xa3f26718                __u_boot_cmd_bootm
                0xa3f26760                __u_boot_cmd_iminfo
                0xa3f26748                __u_boot_cmd_bootd
                0xa3f26730                __u_boot_cmd_boot
 .u_boot_cmd    0xa3f26778       0x30 common/libcommon.a(cmd_cache.o)
                0xa3f26790                __u_boot_cmd_dcache
                0xa3f26778                __u_boot_cmd_icache
 .u_boot_cmd    0xa3f267a8       0x18 common/libcommon.a(cmd_console.o)
                0xa3f267a8                __u_boot_cmd_coninfo
 .u_boot_cmd    0xa3f267c0       0x30 common/libcommon.a(cmd_elf.o)
                0xa3f267d8                __u_boot_cmd_bootvx
                0xa3f267c0                __u_boot_cmd_bootelf
 .u_boot_cmd    0xa3f267f0       0x48 common/libcommon.a(cmd_fat.o)
                0xa3f26820                __u_boot_cmd_fatinfo
                0xa3f267f0                __u_boot_cmd_fatload
                0xa3f26808                __u_boot_cmd_fatls
 .u_boot_cmd    0xa3f26838       0x60 common/libcommon.a(cmd_flash.o)
                0xa3f26838                __u_boot_cmd_flinfo
                0xa3f26850                __u_boot_cmd_erase
                0xa3f26880                __u_boot_cmd_protect
                0xa3f26868                __u_boot_cmd_jerase
 .u_boot_cmd    0xa3f26898       0x30 common/libcommon.a(cmd_ide.o)
                0xa3f26898                __u_boot_cmd_ide
                0xa3f268b0                __u_boot_cmd_diskboot
 .u_boot_cmd    0xa3f268c8       0x18 common/libcommon.a(cmd_itest.o)
                0xa3f268c8                __u_boot_cmd_itest
 .u_boot_cmd    0xa3f268e0       0x48 common/libcommon.a(cmd_jffs2.o)
                0xa3f26910                __u_boot_cmd_fsinfo
                0xa3f268e0                __u_boot_cmd_fsload
                0xa3f268f8                __u_boot_cmd_ls
 .u_boot_cmd    0xa3f26928       0x48 common/libcommon.a(cmd_load.o)
                0xa3f26940                __u_boot_cmd_saves
                0xa3f26958                __u_boot_cmd_loadb
                0xa3f26928                __u_boot_cmd_loads
 .u_boot_cmd    0xa3f26970      0x138 common/libcommon.a(cmd_mem.o)
                0xa3f26970                __u_boot_cmd_md
                0xa3f269e8                __u_boot_cmd_cmp
                0xa3f269b8                __u_boot_cmd_mw
                0xa3f26a30                __u_boot_cmd_loop
                0xa3f26a18                __u_boot_cmd_base
                0xa3f26988                __u_boot_cmd_mm
                0xa3f26a48                __u_boot_cmd_loopw
                0xa3f26a78                __u_boot_cmd_mdc
                0xa3f26a00                __u_boot_cmd_crc32
                0xa3f26a90                __u_boot_cmd_mwc
                0xa3f269a0                __u_boot_cmd_nm
                0xa3f26a60                __u_boot_cmd_mtest
                0xa3f269d0                __u_boot_cmd_cp
 .u_boot_cmd    0xa3f26aa8       0x18 common/libcommon.a(cmd_misc.o)
                0xa3f26aa8                __u_boot_cmd_sleep
 .u_boot_cmd    0xa3f26ac0       0x18 common/libcommon.a(cmd_mmc.o)
                0xa3f26ac0                __u_boot_cmd_mmcinit
 .u_boot_cmd    0xa3f26ad8       0x90 common/libcommon.a(cmd_net.o)
                0xa3f26b38                __u_boot_cmd_nfs
                0xa3f26b50                __u_boot_cmd_ping
                0xa3f26b08                __u_boot_cmd_rarpboot
                0xa3f26af0                __u_boot_cmd_tftpboot
                0xa3f26ad8                __u_boot_cmd_bootp
                0xa3f26b20                __u_boot_cmd_dhcp
 .u_boot_cmd    0xa3f26b68       0x60 common/libcommon.a(cmd_nvedit.o)
                0xa3f26bb0                __u_boot_cmd_run
                0xa3f26b98                __u_boot_cmd_saveenv
                0xa3f26b68                __u_boot_cmd_printenv
                0xa3f26b80                __u_boot_cmd_setenv
 .u_boot_cmd    0xa3f26bc8       0x18 common/libcommon.a(cmd_pcmcia.o)
                0xa3f26bc8                __u_boot_cmd_pinit
 .u_boot_cmd    0xa3f26be0       0x90 common/libcommon.a(command.o)
                0xa3f26c28                __u_boot_cmd_exit
                0xa3f26bf8                __u_boot_cmd_echo
                0xa3f26c58                __u_boot_cmd_question_mark
                0xa3f26be0                __u_boot_cmd_version
                0xa3f26c40                __u_boot_cmd_help
                0xa3f26c10                __u_boot_cmd_test
                0xa3f26c70                __u_boot_cmd_end = .
                0xa3f26c70                . = ALIGN (0x4)
                0xa3f26c70                __bss_start = .

.bss            0xa3f26c70    0x3511c
 *(.bss)
 .bss           0xa3f26c70       0x10 lib_arm/libarm.a(board.o)
                0xa3f26c7c                monitor_flash_len
 .bss           0xa3f26c80     0x25dc net/libnet.a(net.o)
                0xa3f29254                NetArpWaitTry
                0xa3f28c24                NetArpWaitPacketMAC
                0xa3f26d38                NetOurEther
                0xa3f26d40                NetOurIP
                0xa3f26de8                NetPingIP
                0xa3f26d44                NetServerIP
                0xa3f28c2c                NetArpWaitTxPacketSize
                0xa3f28c20                NetArpWaitReplyIP
                0xa3f26d48                NetRxPackets
                0xa3f28c28                NetArpWaitTxPacket
                0xa3f26c8c                NetOurNISDomain
                0xa3f28c1c                NetArpWaitPacketIP
                0xa3f26d64                NetState
                0xa3f26d68                BootFile
                0xa3f26d0e                NetServerEther
                0xa3f26c80                NetOurSubnetMask
                0xa3f26d0c                NetBootFileSize
                0xa3f26d60                NetIPID
                0xa3f26cac                NetOurHostName
                0xa3f26d58                NetRxPkt
                0xa3f26c84                NetOurGatewayIP
                0xa3f26d14                NetEtherNullAddr
                0xa3f26d1c                NetRestartWrap
                0xa3f28c30                NetArpWaitPacketBuf
                0xa3f26d5c                NetRxPktLen
                0xa3f26d28                NetTxPacket
                0xa3f26d34                NetBootFileXferSize
                0xa3f26c88                NetOurDNSIP
                0xa3f26dec                PktBuf
                0xa3f26ccc                NetOurRootPath
                0xa3f29250                NetArpWaitTimerStart
 .bss           0xa3f2925c       0x34 net/libnet.a(tftp.o)
 .bss           0xa3f29290       0x14 net/libnet.a(bootp.o)
                0xa3f29298                NetDHCPServerIP
                0xa3f29290                dhcp_state
                0xa3f292a0                BootpTry
                0xa3f2929c                BootpID
                0xa3f29294                dhcp_leasetime
 .bss           0xa3f292a4        0x4 net/libnet.a(rarp.o)
                0xa3f292a4                RarpTry
 .bss           0xa3f292a8        0xc net/libnet.a(eth.o)
 .bss           0xa3f292b4      0x8b0 net/libnet.a(nfs.o)
 .bss           0xa3f29b64      0x528 drivers/libdrivers.a(cfi_flash.o)
                0xa3f29b68                flash_info
 .bss           0xa3f2a08c      0x22c drivers/libdrivers.a(netconsole.o)
 .bss           0xa3f2a2b8      0x200 common/libcommon.a(main.o)
                0xa3f2a2b8                console_buffer
 .bss           0xa3f2a4b8       0x40 common/libcommon.a(cmd_bootm.o)
                0xa3f2a4b8                header
 .bss           0xa3f2a4f8       0x6c common/libcommon.a(cmd_ide.o)
                0xa3f2a500                ide_dev_desc
                0xa3f2a4f8                ide_bus_offset
 .bss           0xa3f2a564        0xc common/libcommon.a(cmd_jffs2.o)
 .bss           0xa3f2a570       0x88 common/libcommon.a(cmd_load.o)
                0xa3f2a59c                his_pad_char
                0xa3f2a570                os_data_count
                0xa3f2a5b8                os_data_init
                0xa3f2a5f4                send_ptr
                0xa3f2a574                os_data_header
                0xa3f2a5bc                os_data_char
                0xa3f2a594                his_eol
                0xa3f2a59d                his_quote
                0xa3f2a5e0                send_parms
                0xa3f2a598                his_pad_count
 .bss           0xa3f2a5f8       0x14 common/libcommon.a(cmd_mem.o)
                0xa3f2a600                dp_last_size
                0xa3f2a5fc                dp_last_addr
                0xa3f2a608                mm_last_size
                0xa3f2a604                mm_last_addr
 .bss           0xa3f2a60c        0x4 common/libcommon.a(cmd_pcmcia.o)
                0xa3f2a60c                ide_devices_found
 .bss           0xa3f2a610        0x8 common/libcommon.a(console.o)
 .bss           0xa3f2a618       0x10 common/libcommon.a(devices.o)
                0xa3f2a618                devlist
                0xa3f2a61c                stdio_devices
 .bss           0xa3f2a628       0x3c common/libcommon.a(dlmalloc.o)
 .bss           0xa3f2a664      0x358 common/libcommon.a(hush.o)
                0xa3f2a8b4                nesting_level
                0xa3f2a8b0                last_return_code
 .bss           0xa3f2a9bc        0x4 lib_generic/libgeneric.a(string.o)
                0xa3f2a9bc                ___strtok
 .bss           0xa3f2a9c0     0x10a8 lib_generic/libgeneric.a(zlib.o)
 .bss           0xa3f2ba68        0x8 board/gumstix/libgumstix.a(gumstix.o)
 .bss           0xa3f2ba70      0x28c cpu/pxa/libpxa.a(mmc.o)
 .bss           0xa3f2bcfc        0x4 lib_arm/libarm.a(armlinux.o)
 .bss           0xa3f2bd00       0x4c fs/cramfs/libcramfs.a(cramfs.o)
                0xa3f2bd00                super
 .bss           0xa3f2bd4c       0x34 fs/cramfs/libcramfs.a(uncompress.o)
 .bss           0xa3f2bd80    0x30008 fs/fat/libfat.a(fat.o)
                0xa3f2bd88                get_vfatname_block
                0xa3f3bd88                get_dentfromdir_block
                0xa3f4bd88                do_fat_read_block
 .bss           0xa3f5bd88        0x4 fs/jffs2/libjffs2.a(jffs2_1pass.o)
                0xa3f5bd8c                _end = .
Address of section .text set to 0xa3f00000
LOAD cpu/pxa/start.o
START GROUP
LOAD lib_generic/libgeneric.a
LOAD board/gumstix/libgumstix.a
LOAD cpu/pxa/libpxa.a
LOAD lib_arm/libarm.a
LOAD fs/cramfs/libcramfs.a
LOAD fs/fat/libfat.a
LOAD fs/fdos/libfdos.a
LOAD fs/jffs2/libjffs2.a
LOAD fs/reiserfs/libreiserfs.a
LOAD fs/ext2/libext2fs.a
LOAD net/libnet.a
LOAD disk/libdisk.a
LOAD rtc/librtc.a
LOAD dtt/libdtt.a
LOAD drivers/libdrivers.a
LOAD drivers/sk98lin/libsk98lin.a
LOAD post/libpost.a
LOAD post/cpu/libcpu.a
LOAD common/libcommon.a
END GROUP
LOAD /usr/local/arm/3.3.2/lib/gcc-lib/arm-linux/3.3.2/libgcc.a
OUTPUT(u-boot elf32-littlearm)

.stab           0x00000000      0xde0
 .stab          0x00000000      0x414 cpu/pxa/start.o
 .stab          0x00000414      0x558 board/gumstix/memsetup.o
                                0x564 (size before relaxing)
 .stab          0x0000096c      0x210 lib_arm/libarm.a(_udivsi3.o)
                                0x21c (size before relaxing)
 .stab          0x00000b7c      0x264 lib_arm/libarm.a(_umodsi3.o)
                                0x270 (size before relaxing)

.stabstr        0x00000000      0x10d
 .stabstr       0x00000000      0x10d cpu/pxa/start.o
                                  0x0 (size before relaxing)

.debug_abbrev   0x00000000     0x9a27
 .debug_abbrev  0x00000000      0x21c cpu/pxa/libpxa.a(interrupts.o)
 .debug_abbrev  0x0000021c      0x2e1 lib_arm/libarm.a(board.o)
 .debug_abbrev  0x000004fd      0x3b7 net/libnet.a(net.o)
 .debug_abbrev  0x000008b4      0x30d net/libnet.a(tftp.o)
 .debug_abbrev  0x00000bc1      0x3bf net/libnet.a(bootp.o)
 .debug_abbrev  0x00000f80      0x25b net/libnet.a(rarp.o)
 .debug_abbrev  0x000011db      0x2f4 net/libnet.a(eth.o)
 .debug_abbrev  0x000014cf      0x384 net/libnet.a(nfs.o)
 .debug_abbrev  0x00001853      0x2eb drivers/libdrivers.a(cfi_flash.o)
 .debug_abbrev  0x00001b3e      0x29a drivers/libdrivers.a(netconsole.o)
 .debug_abbrev  0x00001dd8      0x330 drivers/libdrivers.a(smc91111.o)
 .debug_abbrev  0x00002108      0x2cb common/libcommon.a(main.o)
 .debug_abbrev  0x000023d3      0x231 common/libcommon.a(cmd_autoscript.o)
 .debug_abbrev  0x00002604      0x21f common/libcommon.a(cmd_bdinfo.o)
 .debug_abbrev  0x00002823      0x219 common/libcommon.a(cmd_boot.o)
 .debug_abbrev  0x00002a3c      0x2ee common/libcommon.a(cmd_bootm.o)
 .debug_abbrev  0x00002d2a      0x1da common/libcommon.a(cmd_cache.o)
 .debug_abbrev  0x00002f04      0x1fa common/libcommon.a(cmd_console.o)
 .debug_abbrev  0x000030fe      0x2a9 common/libcommon.a(cmd_elf.o)
 .debug_abbrev  0x000033a7      0x261 common/libcommon.a(cmd_fat.o)
 .debug_abbrev  0x00003608      0x28b common/libcommon.a(cmd_flash.o)
 .debug_abbrev  0x00003893      0x37a common/libcommon.a(cmd_ide.o)
 .debug_abbrev  0x00003c0d      0x20e common/libcommon.a(cmd_itest.o)
 .debug_abbrev  0x00003e1b      0x2e7 common/libcommon.a(cmd_jffs2.o)
 .debug_abbrev  0x00004102      0x34d common/libcommon.a(cmd_load.o)
 .debug_abbrev  0x0000444f      0x2c6 common/libcommon.a(cmd_mem.o)
 .debug_abbrev  0x00004715      0x1c3 common/libcommon.a(cmd_misc.o)
 .debug_abbrev  0x000048d8      0x1de common/libcommon.a(cmd_mmc.o)
 .debug_abbrev  0x00004ab6      0x270 common/libcommon.a(cmd_net.o)
 .debug_abbrev  0x00004d26      0x30b common/libcommon.a(cmd_nvedit.o)
 .debug_abbrev  0x00005031      0x2c2 common/libcommon.a(cmd_pcmcia.o)
 .debug_abbrev  0x000052f3      0x25f common/libcommon.a(command.o)
 .debug_abbrev  0x00005552      0x303 common/libcommon.a(console.o)
 .debug_abbrev  0x00005855      0x20f common/libcommon.a(devices.o)
 .debug_abbrev  0x00005a64      0x240 common/libcommon.a(dlmalloc.o)
 .debug_abbrev  0x00005ca4      0x20e common/libcommon.a(env_common.o)
 .debug_abbrev  0x00005eb2      0x241 common/libcommon.a(env_flash.o)
 .debug_abbrev  0x000060f3      0x1e1 common/libcommon.a(exports.o)
 .debug_abbrev  0x000062d4      0x225 common/libcommon.a(flash.o)
 .debug_abbrev  0x000064f9      0x2fe common/libcommon.a(hush.o)
 .debug_abbrev  0x000067f7      0x252 common/libcommon.a(lists.o)
 .debug_abbrev  0x00006a49      0x1fc common/libcommon.a(s_record.o)
 .debug_abbrev  0x00006c45      0x1b2 lib_generic/libgeneric.a(crc32.o)
 .debug_abbrev  0x00006df7       0x42 lib_generic/libgeneric.a(ctype.o)
 .debug_abbrev  0x00006e39      0x1ee lib_generic/libgeneric.a(display_options.o)
 .debug_abbrev  0x00007027      0x1f5 lib_generic/libgeneric.a(string.o)
 .debug_abbrev  0x0000721c      0x2c8 lib_generic/libgeneric.a(vsprintf.o)
 .debug_abbrev  0x000074e4      0x214 lib_generic/libgeneric.a(zlib.o)
 .debug_abbrev  0x000076f8      0x1fd board/gumstix/libgumstix.a(gumstix.o)
 .debug_abbrev  0x000078f5      0x1d6 cpu/pxa/libpxa.a(serial.o)
 .debug_abbrev  0x00007acb      0x226 cpu/pxa/libpxa.a(cpu.o)
 .debug_abbrev  0x00007cf1      0x2aa cpu/pxa/libpxa.a(mmc.o)
 .debug_abbrev  0x00007f9b      0x2b2 lib_arm/libarm.a(armlinux.o)
 .debug_abbrev  0x0000824d      0x19f lib_arm/libarm.a(cache.o)
 .debug_abbrev  0x000083ec       0x3a lib_arm/libarm.a(div0.o)
 .debug_abbrev  0x00008426      0x2ba fs/cramfs/libcramfs.a(cramfs.o)
 .debug_abbrev  0x000086e0      0x22d fs/cramfs/libcramfs.a(uncompress.o)
 .debug_abbrev  0x0000890d      0x2cd fs/fat/libfat.a(fat.o)
 .debug_abbrev  0x00008bda      0x35f fs/jffs2/libjffs2.a(jffs2_1pass.o)
 .debug_abbrev  0x00008f39      0x127 fs/jffs2/libjffs2.a(compr_rtime.o)
 .debug_abbrev  0x00009060      0x141 fs/jffs2/libjffs2.a(compr_rubin.o)
 .debug_abbrev  0x000091a1      0x1d2 fs/jffs2/libjffs2.a(compr_zlib.o)
 .debug_abbrev  0x00009373      0x21a fs/jffs2/libjffs2.a(mini_inflate.o)
 .debug_abbrev  0x0000958d      0x218 disk/libdisk.a(part.o)
 .debug_abbrev  0x000097a5      0x282 disk/libdisk.a(part_dos.o)

.debug_info     0x00000000    0x61c3b
 .debug_info    0x00000000     0x1478 cpu/pxa/libpxa.a(interrupts.o)
 .debug_info    0x00001478     0x1d8f lib_arm/libarm.a(board.o)
 .debug_info    0x00003207     0x2b40 net/libnet.a(net.o)
 .debug_info    0x00005d47     0x1bde net/libnet.a(tftp.o)
 .debug_info    0x00007925     0x22b5 net/libnet.a(bootp.o)
 .debug_info    0x00009bda     0x1afa net/libnet.a(rarp.o)
 .debug_info    0x0000b6d4     0x1aa6 net/libnet.a(eth.o)
 .debug_info    0x0000d17a     0x24dd net/libnet.a(nfs.o)
 .debug_info    0x0000f657     0x2286 drivers/libdrivers.a(cfi_flash.o)
 .debug_info    0x000118dd     0x1dd5 drivers/libdrivers.a(netconsole.o)
 .debug_info    0x000136b2     0x2141 drivers/libdrivers.a(smc91111.o)
 .debug_info    0x000157f3     0x16f2 common/libcommon.a(main.o)
 .debug_info    0x00016ee5     0x14a6 common/libcommon.a(cmd_autoscript.o)
 .debug_info    0x0001838b     0x1805 common/libcommon.a(cmd_bdinfo.o)
 .debug_info    0x00019b90     0x17d2 common/libcommon.a(cmd_boot.o)
 .debug_info    0x0001b362     0x2076 common/libcommon.a(cmd_bootm.o)
 .debug_info    0x0001d3d8     0x133f common/libcommon.a(cmd_cache.o)
 .debug_info    0x0001e717     0x15e7 common/libcommon.a(cmd_console.o)
 .debug_info    0x0001fcfe     0x1cc2 common/libcommon.a(cmd_elf.o)
 .debug_info    0x000219c0     0x23b3 common/libcommon.a(cmd_fat.o)
 .debug_info    0x00023d73     0x18e3 common/libcommon.a(cmd_flash.o)
 .debug_info    0x00025656     0x1f6b common/libcommon.a(cmd_ide.o)
 .debug_info    0x000275c1     0x14ed common/libcommon.a(cmd_itest.o)
 .debug_info    0x00028aae     0x1f45 common/libcommon.a(cmd_jffs2.o)
 .debug_info    0x0002a9f3     0x20e3 common/libcommon.a(cmd_load.o)
 .debug_info    0x0002cad6     0x208a common/libcommon.a(cmd_mem.o)
 .debug_info    0x0002eb60     0x12c6 common/libcommon.a(cmd_misc.o)
 .debug_info    0x0002fe26     0x15d2 common/libcommon.a(cmd_mmc.o)
 .debug_info    0x000313f8     0x1b1e common/libcommon.a(cmd_net.o)
 .debug_info    0x00032f16     0x1db6 common/libcommon.a(cmd_nvedit.o)
 .debug_info    0x00034ccc     0x1703 common/libcommon.a(cmd_pcmcia.o)
 .debug_info    0x000363cf     0x162d common/libcommon.a(command.o)
 .debug_info    0x000379fc     0x1ae7 common/libcommon.a(console.o)
 .debug_info    0x000394e3     0x16c1 common/libcommon.a(devices.o)
 .debug_info    0x0003aba4     0x1a8a common/libcommon.a(dlmalloc.o)
 .debug_info    0x0003c62e     0x147d common/libcommon.a(env_common.o)
 .debug_info    0x0003daab     0x148f common/libcommon.a(env_flash.o)
 .debug_info    0x0003ef3a     0x1247 common/libcommon.a(exports.o)
 .debug_info    0x00040181     0x135e common/libcommon.a(flash.o)
 .debug_info    0x000414df     0x2541 common/libcommon.a(hush.o)
 .debug_info    0x00043a20     0x16d1 common/libcommon.a(lists.o)
 .debug_info    0x000450f1     0x126c common/libcommon.a(s_record.o)
 .debug_info    0x0004635d     0x1415 lib_generic/libgeneric.a(crc32.o)
 .debug_info    0x00047772       0x56 lib_generic/libgeneric.a(ctype.o)
 .debug_info    0x000477c8     0x121c lib_generic/libgeneric.a(display_options.o)
 .debug_info    0x000489e4      0xdc8 lib_generic/libgeneric.a(string.o)
 .debug_info    0x000497ac     0x15ad lib_generic/libgeneric.a(vsprintf.o)
 .debug_info    0x0004ad59     0x1927 lib_generic/libgeneric.a(zlib.o)
 .debug_info    0x0004c680     0x12eb board/gumstix/libgumstix.a(gumstix.o)
 .debug_info    0x0004d96b     0x1253 cpu/pxa/libpxa.a(serial.o)
 .debug_info    0x0004ebbe     0x13c7 cpu/pxa/libpxa.a(cpu.o)
 .debug_info    0x0004ff85     0x19c2 cpu/pxa/libpxa.a(mmc.o)
 .debug_info    0x00051947     0x17df lib_arm/libarm.a(armlinux.o)
 .debug_info    0x00053126     0x11af lib_arm/libarm.a(cache.o)
 .debug_info    0x000542d5       0x44 lib_arm/libarm.a(div0.o)
 .debug_info    0x00054319     0x1c42 fs/cramfs/libcramfs.a(cramfs.o)
 .debug_info    0x00055f5b     0x152d fs/cramfs/libcramfs.a(uncompress.o)
 .debug_info    0x00057488     0x20f6 fs/fat/libfat.a(fat.o)
 .debug_info    0x0005957e     0x2b11 fs/jffs2/libjffs2.a(jffs2_1pass.o)
 .debug_info    0x0005c08f      0x672 fs/jffs2/libjffs2.a(compr_rtime.o)
 .debug_info    0x0005c701      0x710 fs/jffs2/libjffs2.a(compr_rubin.o)
 .debug_info    0x0005ce11     0x1849 fs/jffs2/libjffs2.a(compr_zlib.o)
 .debug_info    0x0005e65a      0xb60 fs/jffs2/libjffs2.a(mini_inflate.o)
 .debug_info    0x0005f1ba     0x13ae disk/libdisk.a(part.o)
 .debug_info    0x00060568     0x16d3 disk/libdisk.a(part_dos.o)

.debug_line     0x00000000     0xdf9a
 .debug_line    0x00000000      0x29e cpu/pxa/libpxa.a(interrupts.o)
 .debug_line    0x0000029e      0x31d lib_arm/libarm.a(board.o)
 .debug_line    0x000005bb      0x7da net/libnet.a(net.o)
 .debug_line    0x00000d95      0x3db net/libnet.a(tftp.o)
 .debug_line    0x00001170      0x523 net/libnet.a(bootp.o)
 .debug_line    0x00001693      0x29c net/libnet.a(rarp.o)
 .debug_line    0x0000192f      0x331 net/libnet.a(eth.o)
 .debug_line    0x00001c60      0x68b net/libnet.a(nfs.o)
 .debug_line    0x000022eb      0x5ef drivers/libdrivers.a(cfi_flash.o)
 .debug_line    0x000028da      0x329 drivers/libdrivers.a(netconsole.o)
 .debug_line    0x00002c03      0x554 drivers/libdrivers.a(smc91111.o)
 .debug_line    0x00003157      0x39b common/libcommon.a(main.o)
 .debug_line    0x000034f2      0x33e common/libcommon.a(cmd_autoscript.o)
 .debug_line    0x00003830      0x276 common/libcommon.a(cmd_bdinfo.o)
 .debug_line    0x00003aa6      0x275 common/libcommon.a(cmd_boot.o)
 .debug_line    0x00003d1b      0x5d5 common/libcommon.a(cmd_bootm.o)
 .debug_line    0x000042f0      0x273 common/libcommon.a(cmd_cache.o)
 .debug_line    0x00004563      0x285 common/libcommon.a(cmd_console.o)
 .debug_line    0x000047e8      0x2f2 common/libcommon.a(cmd_elf.o)
 .debug_line    0x00004ada      0x2e1 common/libcommon.a(cmd_fat.o)
 .debug_line    0x00004dbb      0x3de common/libcommon.a(cmd_flash.o)
 .debug_line    0x00005199      0x549 common/libcommon.a(cmd_ide.o)
 .debug_line    0x000056e2      0x2bc common/libcommon.a(cmd_itest.o)
 .debug_line    0x0000599e      0x449 common/libcommon.a(cmd_jffs2.o)
 .debug_line    0x00005de7      0x4fc common/libcommon.a(cmd_load.o)
 .debug_line    0x000062e3      0x4bb common/libcommon.a(cmd_mem.o)
 .debug_line    0x0000679e      0x26a common/libcommon.a(cmd_misc.o)
 .debug_line    0x00006a08      0x261 common/libcommon.a(cmd_mmc.o)
 .debug_line    0x00006c69      0x2cf common/libcommon.a(cmd_net.o)
 .debug_line    0x00006f38      0x3e4 common/libcommon.a(cmd_nvedit.o)
 .debug_line    0x0000731c      0x36c common/libcommon.a(cmd_pcmcia.o)
 .debug_line    0x00007688      0x340 common/libcommon.a(command.o)
 .debug_line    0x000079c8      0x37f common/libcommon.a(console.o)
 .debug_line    0x00007d47      0x2c3 common/libcommon.a(devices.o)
 .debug_line    0x0000800a      0x4ce common/libcommon.a(dlmalloc.o)
 .debug_line    0x000084d8      0x2a0 common/libcommon.a(env_common.o)
 .debug_line    0x00008778      0x2c7 common/libcommon.a(env_flash.o)
 .debug_line    0x00008a3f      0x25d common/libcommon.a(exports.o)
 .debug_line    0x00008c9c      0x2b0 common/libcommon.a(flash.o)
 .debug_line    0x00008f4c      0x6f2 common/libcommon.a(hush.o)
 .debug_line    0x0000963e      0x2f0 common/libcommon.a(lists.o)
 .debug_line    0x0000992e      0x2b9 common/libcommon.a(s_record.o)
 .debug_line    0x00009be7      0x270 lib_generic/libgeneric.a(crc32.o)
 .debug_line    0x00009e57       0x25 lib_generic/libgeneric.a(ctype.o)
 .debug_line    0x00009e7c      0x26c lib_generic/libgeneric.a(display_options.o)
 .debug_line    0x0000a0e8      0x23c lib_generic/libgeneric.a(string.o)
 .debug_line    0x0000a324      0x35c lib_generic/libgeneric.a(vsprintf.o)
 .debug_line    0x0000a680      0x683 lib_generic/libgeneric.a(zlib.o)
 .debug_line    0x0000ad03      0x28f board/gumstix/libgumstix.a(gumstix.o)
 .debug_line    0x0000af92      0x27e cpu/pxa/libpxa.a(serial.o)
 .debug_line    0x0000b210      0x287 cpu/pxa/libpxa.a(cpu.o)
 .debug_line    0x0000b497      0x3ad cpu/pxa/libpxa.a(mmc.o)
 .debug_line    0x0000b844      0x3dd lib_arm/libarm.a(armlinux.o)
 .debug_line    0x0000bc21      0x243 lib_arm/libarm.a(cache.o)
 .debug_line    0x0000be64       0x33 lib_arm/libarm.a(div0.o)
 .debug_line    0x0000be97      0x3c5 fs/cramfs/libcramfs.a(cramfs.o)
 .debug_line    0x0000c25c      0x28b fs/cramfs/libcramfs.a(uncompress.o)
 .debug_line    0x0000c4e7      0x462 fs/fat/libfat.a(fat.o)
 .debug_line    0x0000c949      0x6e2 fs/jffs2/libjffs2.a(jffs2_1pass.o)
 .debug_line    0x0000d02b      0x178 fs/jffs2/libjffs2.a(compr_rtime.o)
 .debug_line    0x0000d1a3      0x1a8 fs/jffs2/libjffs2.a(compr_rubin.o)
 .debug_line    0x0000d34b      0x2ba fs/jffs2/libjffs2.a(compr_zlib.o)
 .debug_line    0x0000d605      0x3b4 fs/jffs2/libjffs2.a(mini_inflate.o)
 .debug_line    0x0000d9b9      0x2b1 disk/libdisk.a(part.o)
 .debug_line    0x0000dc6a      0x330 disk/libdisk.a(part_dos.o)

.debug_frame    0x00000000     0x44c4
 .debug_frame   0x00000000      0x1c8 cpu/pxa/libpxa.a(interrupts.o)
 .debug_frame   0x000001c8       0xd4 lib_arm/libarm.a(board.o)
 .debug_frame   0x0000029c      0x2f0 net/libnet.a(net.o)
 .debug_frame   0x0000058c       0x88 net/libnet.a(tftp.o)
 .debug_frame   0x00000614      0x148 net/libnet.a(bootp.o)
 .debug_frame   0x0000075c       0x60 net/libnet.a(rarp.o)
 .debug_frame   0x000007bc      0x164 net/libnet.a(eth.o)
 .debug_frame   0x00000920      0x270 net/libnet.a(nfs.o)
 .debug_frame   0x00000b90      0x31c drivers/libdrivers.a(cfi_flash.o)
 .debug_frame   0x00000eac      0x144 drivers/libdrivers.a(netconsole.o)
 .debug_frame   0x00000ff0      0x21c drivers/libdrivers.a(smc91111.o)
 .debug_frame   0x0000120c      0x110 common/libcommon.a(main.o)
 .debug_frame   0x0000131c       0x4c common/libcommon.a(cmd_autoscript.o)
 .debug_frame   0x00001368       0x3c common/libcommon.a(cmd_bdinfo.o)
 .debug_frame   0x000013a4       0x2c common/libcommon.a(cmd_boot.o)
 .debug_frame   0x000013d0      0x1a8 common/libcommon.a(cmd_bootm.o)
 .debug_frame   0x00001578       0x58 common/libcommon.a(cmd_cache.o)
 .debug_frame   0x000015d0       0x30 common/libcommon.a(cmd_console.o)
 .debug_frame   0x00001600       0x88 common/libcommon.a(cmd_elf.o)
 .debug_frame   0x00001688       0x94 common/libcommon.a(cmd_fat.o)
 .debug_frame   0x0000171c      0x150 common/libcommon.a(cmd_flash.o)
 .debug_frame   0x0000186c      0x16c common/libcommon.a(cmd_ide.o)
 .debug_frame   0x000019d8       0xb4 common/libcommon.a(cmd_itest.o)
 .debug_frame   0x00001a8c       0xdc common/libcommon.a(cmd_jffs2.o)
 .debug_frame   0x00001b68      0x28c common/libcommon.a(cmd_load.o)
 .debug_frame   0x00001df4      0x1e4 common/libcommon.a(cmd_mem.o)
 .debug_frame   0x00001fd8       0x30 common/libcommon.a(cmd_misc.o)
 .debug_frame   0x00002008       0x28 common/libcommon.a(cmd_mmc.o)
 .debug_frame   0x00002030       0xbc common/libcommon.a(cmd_net.o)
 .debug_frame   0x000020ec      0x10c common/libcommon.a(cmd_nvedit.o)
 .debug_frame   0x000021f8      0x140 common/libcommon.a(cmd_pcmcia.o)
 .debug_frame   0x00002338       0xd8 common/libcommon.a(command.o)
 .debug_frame   0x00002410      0x240 common/libcommon.a(console.o)
 .debug_frame   0x00002650       0xa8 common/libcommon.a(devices.o)
 .debug_frame   0x000026f8      0x15c common/libcommon.a(dlmalloc.o)
 .debug_frame   0x00002854       0x7c common/libcommon.a(env_common.o)
 .debug_frame   0x000028d0       0x6c common/libcommon.a(env_flash.o)
 .debug_frame   0x0000293c       0x48 common/libcommon.a(exports.o)
 .debug_frame   0x00002984       0x88 common/libcommon.a(flash.o)
 .debug_frame   0x00002a0c      0x4b8 common/libcommon.a(hush.o)
 .debug_frame   0x00002ec4      0x150 common/libcommon.a(lists.o)
 .debug_frame   0x00003014       0x64 common/libcommon.a(s_record.o)
 .debug_frame   0x00003078       0x40 lib_generic/libgeneric.a(crc32.o)
 .debug_frame   0x000030b8       0x48 lib_generic/libgeneric.a(display_options.o)
 .debug_frame   0x00003100      0x200 lib_generic/libgeneric.a(string.o)
 .debug_frame   0x00003300       0xe8 lib_generic/libgeneric.a(vsprintf.o)
 .debug_frame   0x000033e8      0x320 lib_generic/libgeneric.a(zlib.o)
 .debug_frame   0x00003708       0x80 board/gumstix/libgumstix.a(gumstix.o)
 .debug_frame   0x00003788       0x88 cpu/pxa/libpxa.a(serial.o)
 .debug_frame   0x00003810       0xd0 cpu/pxa/libpxa.a(cpu.o)
 .debug_frame   0x000038e0      0x118 cpu/pxa/libpxa.a(mmc.o)
 .debug_frame   0x000039f8       0xb0 lib_arm/libarm.a(armlinux.o)
 .debug_frame   0x00003aa8       0x20 lib_arm/libarm.a(cache.o)
 .debug_frame   0x00003ac8       0x20 lib_arm/libarm.a(div0.o)
 .debug_frame   0x00003ae8      0x118 fs/cramfs/libcramfs.a(cramfs.o)
 .debug_frame   0x00003c00       0x80 fs/cramfs/libcramfs.a(uncompress.o)
 .debug_frame   0x00003c80      0x214 fs/fat/libfat.a(fat.o)
 .debug_frame   0x00003e94      0x2a4 fs/jffs2/libjffs2.a(jffs2_1pass.o)
 .debug_frame   0x00004138       0x34 fs/jffs2/libjffs2.a(compr_rtime.o)
 .debug_frame   0x0000416c       0x4c fs/jffs2/libjffs2.a(compr_rubin.o)
 .debug_frame   0x000041b8       0x20 fs/jffs2/libjffs2.a(compr_zlib.o)
 .debug_frame   0x000041d8      0x174 fs/jffs2/libjffs2.a(mini_inflate.o)
 .debug_frame   0x0000434c       0x90 disk/libdisk.a(part.o)
 .debug_frame   0x000043dc       0xe8 disk/libdisk.a(part_dos.o)

.debug_pubnames
                0x00000000     0x273a
 .debug_pubnames
                0x00000000      0x183 cpu/pxa/libpxa.a(interrupts.o)
 .debug_pubnames
                0x00000183       0x71 lib_arm/libarm.a(board.o)
 .debug_pubnames
                0x000001f4      0x405 net/libnet.a(net.o)
 .debug_pubnames
                0x000005f9       0x20 net/libnet.a(tftp.o)
 .debug_pubnames
                0x00000619       0x82 net/libnet.a(bootp.o)
 .debug_pubnames
                0x0000069b       0x2e net/libnet.a(rarp.o)
 .debug_pubnames
                0x000006c9       0xf4 net/libnet.a(eth.o)
 .debug_pubnames
                0x000007bd       0x1f net/libnet.a(nfs.o)
 .debug_pubnames
                0x000007dc      0x11a drivers/libdrivers.a(cfi_flash.o)
 .debug_pubnames
                0x000008f6       0x7f drivers/libdrivers.a(netconsole.o)
 .debug_pubnames
                0x00000975       0x86 drivers/libdrivers.a(smc91111.o)
 .debug_pubnames
                0x000009fb       0x5b common/libcommon.a(main.o)
 .debug_pubnames
                0x00000a56       0x4c common/libcommon.a(cmd_autoscript.o)
 .debug_pubnames
                0x00000aa2       0x38 common/libcommon.a(cmd_bdinfo.o)
 .debug_pubnames
                0x00000ada       0x47 common/libcommon.a(cmd_boot.o)
 .debug_pubnames
                0x00000b21       0xce common/libcommon.a(cmd_bootm.o)
 .debug_pubnames
                0x00000bef       0x5e common/libcommon.a(cmd_cache.o)
 .debug_pubnames
                0x00000c4d       0x3a common/libcommon.a(cmd_console.o)
 .debug_pubnames
                0x00000c87       0x87 common/libcommon.a(cmd_elf.o)
 .debug_pubnames
                0x00000d0e       0x99 common/libcommon.a(cmd_fat.o)
 .debug_pubnames
                0x00000da7       0xe1 common/libcommon.a(cmd_flash.o)
 .debug_pubnames
                0x00000e88       0xb8 common/libcommon.a(cmd_ide.o)
 .debug_pubnames
                0x00000f40       0x53 common/libcommon.a(cmd_itest.o)
 .debug_pubnames
                0x00000f93       0xad common/libcommon.a(cmd_jffs2.o)
 .debug_pubnames
                0x00001040      0x1dc common/libcommon.a(cmd_load.o)
 .debug_pubnames
                0x0000121c      0x257 common/libcommon.a(cmd_mem.o)
 .debug_pubnames
                0x00001473       0x36 common/libcommon.a(cmd_misc.o)
 .debug_pubnames
                0x000014a9       0x36 common/libcommon.a(cmd_mmc.o)
 .debug_pubnames
                0x000014df       0xe8 common/libcommon.a(cmd_net.o)
 .debug_pubnames
                0x000015c7       0xd1 common/libcommon.a(cmd_nvedit.o)
 .debug_pubnames
                0x00001698       0x99 common/libcommon.a(cmd_pcmcia.o)
 .debug_pubnames
                0x00001731       0xee common/libcommon.a(command.o)
 .debug_pubnames
                0x0000181f      0x120 common/libcommon.a(console.o)
 .debug_pubnames
                0x0000193f       0xaa common/libcommon.a(devices.o)
 .debug_pubnames
                0x000019e9       0xb3 common/libcommon.a(dlmalloc.o)
 .debug_pubnames
                0x00001a9c       0x88 common/libcommon.a(env_common.o)
 .debug_pubnames
                0x00001b24       0x75 common/libcommon.a(env_flash.o)
 .debug_pubnames
                0x00001b99       0x35 common/libcommon.a(exports.o)
 .debug_pubnames
                0x00001bce       0x53 common/libcommon.a(flash.o)
 .debug_pubnames
                0x00001c21       0xc8 common/libcommon.a(hush.o)
 .debug_pubnames
                0x00001ce9      0x116 common/libcommon.a(lists.o)
 .debug_pubnames
                0x00001dff       0x22 common/libcommon.a(s_record.o)
 .debug_pubnames
                0x00001e21       0x2e lib_generic/libgeneric.a(crc32.o)
 .debug_pubnames
                0x00001e4f       0x1d lib_generic/libgeneric.a(ctype.o)
 .debug_pubnames
                0x00001e6c       0x35 lib_generic/libgeneric.a(display_options.o)
 .debug_pubnames
                0x00001ea1      0x13d lib_generic/libgeneric.a(string.o)
 .debug_pubnames
                0x00001fde       0x5a lib_generic/libgeneric.a(vsprintf.o)
 .debug_pubnames
                0x00002038       0xab lib_generic/libgeneric.a(zlib.o)
 .debug_pubnames
                0x000020e3       0x6c board/gumstix/libgumstix.a(gumstix.o)
 .debug_pubnames
                0x0000214f       0x74 cpu/pxa/libpxa.a(serial.o)
 .debug_pubnames
                0x000021c3       0xc5 cpu/pxa/libpxa.a(cpu.o)
 .debug_pubnames
                0x00002288       0x9a cpu/pxa/libpxa.a(mmc.o)
 .debug_pubnames
                0x00002322       0x3a lib_arm/libarm.a(armlinux.o)
 .debug_pubnames
                0x0000235c       0x22 lib_arm/libarm.a(cache.o)
 .debug_pubnames
                0x0000237e       0x1d lib_arm/libarm.a(div0.o)
 .debug_pubnames
                0x0000239b       0x5b fs/cramfs/libcramfs.a(cramfs.o)
 .debug_pubnames
                0x000023f6       0x64 fs/cramfs/libcramfs.a(uncompress.o)
 .debug_pubnames
                0x0000245a       0xc7 fs/fat/libfat.a(fat.o)
 .debug_pubnames
                0x00002521       0x90 fs/jffs2/libjffs2.a(jffs2_1pass.o)
 .debug_pubnames
                0x000025b1       0x27 fs/jffs2/libjffs2.a(compr_rtime.o)
 .debug_pubnames
                0x000025d8       0x42 fs/jffs2/libjffs2.a(compr_rubin.o)
 .debug_pubnames
                0x0000261a       0x26 fs/jffs2/libjffs2.a(compr_zlib.o)
 .debug_pubnames
                0x00002640       0x54 fs/jffs2/libjffs2.a(mini_inflate.o)
 .debug_pubnames
                0x00002694       0x54 disk/libdisk.a(part.o)
 .debug_pubnames
                0x000026e8       0x52 disk/libdisk.a(part_dos.o)

.debug_aranges  0x00000000      0x800
 .debug_aranges
                0x00000000       0x20 cpu/pxa/libpxa.a(interrupts.o)
 .debug_aranges
                0x00000020       0x20 lib_arm/libarm.a(board.o)
 .debug_aranges
                0x00000040       0x20 net/libnet.a(net.o)
 .debug_aranges
                0x00000060       0x20 net/libnet.a(tftp.o)
 .debug_aranges
                0x00000080       0x20 net/libnet.a(bootp.o)
 .debug_aranges
                0x000000a0       0x20 net/libnet.a(rarp.o)
 .debug_aranges
                0x000000c0       0x20 net/libnet.a(eth.o)
 .debug_aranges
                0x000000e0       0x20 net/libnet.a(nfs.o)
 .debug_aranges
                0x00000100       0x20 drivers/libdrivers.a(cfi_flash.o)
 .debug_aranges
                0x00000120       0x20 drivers/libdrivers.a(netconsole.o)
 .debug_aranges
                0x00000140       0x20 drivers/libdrivers.a(smc91111.o)
 .debug_aranges
                0x00000160       0x20 common/libcommon.a(main.o)
 .debug_aranges
                0x00000180       0x20 common/libcommon.a(cmd_autoscript.o)
 .debug_aranges
                0x000001a0       0x20 common/libcommon.a(cmd_bdinfo.o)
 .debug_aranges
                0x000001c0       0x20 common/libcommon.a(cmd_boot.o)
 .debug_aranges
                0x000001e0       0x20 common/libcommon.a(cmd_bootm.o)
 .debug_aranges
                0x00000200       0x20 common/libcommon.a(cmd_cache.o)
 .debug_aranges
                0x00000220       0x20 common/libcommon.a(cmd_console.o)
 .debug_aranges
                0x00000240       0x20 common/libcommon.a(cmd_elf.o)
 .debug_aranges
                0x00000260       0x20 common/libcommon.a(cmd_fat.o)
 .debug_aranges
                0x00000280       0x20 common/libcommon.a(cmd_flash.o)
 .debug_aranges
                0x000002a0       0x20 common/libcommon.a(cmd_ide.o)
 .debug_aranges
                0x000002c0       0x20 common/libcommon.a(cmd_itest.o)
 .debug_aranges
                0x000002e0       0x20 common/libcommon.a(cmd_jffs2.o)
 .debug_aranges
                0x00000300       0x20 common/libcommon.a(cmd_load.o)
 .debug_aranges
                0x00000320       0x20 common/libcommon.a(cmd_mem.o)
 .debug_aranges
                0x00000340       0x20 common/libcommon.a(cmd_misc.o)
 .debug_aranges
                0x00000360       0x20 common/libcommon.a(cmd_mmc.o)
 .debug_aranges
                0x00000380       0x20 common/libcommon.a(cmd_net.o)
 .debug_aranges
                0x000003a0       0x20 common/libcommon.a(cmd_nvedit.o)
 .debug_aranges
                0x000003c0       0x20 common/libcommon.a(cmd_pcmcia.o)
 .debug_aranges
                0x000003e0       0x20 common/libcommon.a(command.o)
 .debug_aranges
                0x00000400       0x20 common/libcommon.a(console.o)
 .debug_aranges
                0x00000420       0x20 common/libcommon.a(devices.o)
 .debug_aranges
                0x00000440       0x20 common/libcommon.a(dlmalloc.o)
 .debug_aranges
                0x00000460       0x20 common/libcommon.a(env_common.o)
 .debug_aranges
                0x00000480       0x20 common/libcommon.a(env_flash.o)
 .debug_aranges
                0x000004a0       0x20 common/libcommon.a(exports.o)
 .debug_aranges
                0x000004c0       0x20 common/libcommon.a(flash.o)
 .debug_aranges
                0x000004e0       0x20 common/libcommon.a(hush.o)
 .debug_aranges
                0x00000500       0x20 common/libcommon.a(lists.o)
 .debug_aranges
                0x00000520       0x20 common/libcommon.a(s_record.o)
 .debug_aranges
                0x00000540       0x20 lib_generic/libgeneric.a(crc32.o)
 .debug_aranges
                0x00000560       0x20 lib_generic/libgeneric.a(display_options.o)
 .debug_aranges
                0x00000580       0x20 lib_generic/libgeneric.a(string.o)
 .debug_aranges
                0x000005a0       0x20 lib_generic/libgeneric.a(vsprintf.o)
 .debug_aranges
                0x000005c0       0x20 lib_generic/libgeneric.a(zlib.o)
 .debug_aranges
                0x000005e0       0x20 board/gumstix/libgumstix.a(gumstix.o)
 .debug_aranges
                0x00000600       0x20 cpu/pxa/libpxa.a(serial.o)
 .debug_aranges
                0x00000620       0x20 cpu/pxa/libpxa.a(cpu.o)
 .debug_aranges
                0x00000640       0x20 cpu/pxa/libpxa.a(mmc.o)
 .debug_aranges
                0x00000660       0x20 lib_arm/libarm.a(armlinux.o)
 .debug_aranges
                0x00000680       0x20 lib_arm/libarm.a(cache.o)
 .debug_aranges
                0x000006a0       0x20 lib_arm/libarm.a(div0.o)
 .debug_aranges
                0x000006c0       0x20 fs/cramfs/libcramfs.a(cramfs.o)
 .debug_aranges
                0x000006e0       0x20 fs/cramfs/libcramfs.a(uncompress.o)
 .debug_aranges
                0x00000700       0x20 fs/fat/libfat.a(fat.o)
 .debug_aranges
                0x00000720       0x20 fs/jffs2/libjffs2.a(jffs2_1pass.o)
 .debug_aranges
                0x00000740       0x20 fs/jffs2/libjffs2.a(compr_rtime.o)
 .debug_aranges
                0x00000760       0x20 fs/jffs2/libjffs2.a(compr_rubin.o)
 .debug_aranges
                0x00000780       0x20 fs/jffs2/libjffs2.a(compr_zlib.o)
 .debug_aranges
                0x000007a0       0x20 fs/jffs2/libjffs2.a(mini_inflate.o)
 .debug_aranges
                0x000007c0       0x20 disk/libdisk.a(part.o)
 .debug_aranges
                0x000007e0       0x20 disk/libdisk.a(part_dos.o)

.debug_str      0x00000000     0x6389
 .debug_str     0x00000000      0x9b4 cpu/pxa/libpxa.a(interrupts.o)
                                0xbd2 (size before relaxing)
 .debug_str     0x000009b4      0x4ba lib_arm/libarm.a(board.o)
                                0xfbf (size before relaxing)
 .debug_str     0x00000e6e      0x588 net/libnet.a(net.o)
                               0x12b5 (size before relaxing)
 .debug_str     0x000013f6       0xec net/libnet.a(tftp.o)
                                0xf6d (size before relaxing)
 .debug_str     0x000014e2      0x172 net/libnet.a(bootp.o)
                               0x1077 (size before relaxing)
 .debug_str     0x00001654       0x4c net/libnet.a(rarp.o)
                                0xea5 (size before relaxing)
 .debug_str     0x000016a0      0x11d net/libnet.a(eth.o)
                                0xe45 (size before relaxing)
 .debug_str     0x000017bd      0x223 net/libnet.a(nfs.o)
                               0x118d (size before relaxing)
 .debug_str     0x000019e0      0x3b9 drivers/libdrivers.a(cfi_flash.o)
                                0xe6f (size before relaxing)
 .debug_str     0x00001d99      0x132 drivers/libdrivers.a(netconsole.o)
                                0xf70 (size before relaxing)
 .debug_str     0x00001ecb      0x2a1 drivers/libdrivers.a(smc91111.o)
                               0x1018 (size before relaxing)
 .debug_str     0x0000216c      0x12c common/libcommon.a(main.o)
                                0xbed (size before relaxing)
 .debug_str     0x00002298       0x43 common/libcommon.a(cmd_autoscript.o)
                                0xb91 (size before relaxing)
 .debug_str     0x000022db       0x35 common/libcommon.a(cmd_bdinfo.o)
                                0xd47 (size before relaxing)
 .debug_str     0x00002310       0x34 common/libcommon.a(cmd_boot.o)
                                0xd4b (size before relaxing)
 .debug_str     0x00002344      0x262 common/libcommon.a(cmd_bootm.o)
                                0xdfe (size before relaxing)
 .debug_str     0x000025a6       0x4f common/libcommon.a(cmd_cache.o)
                                0xb1b (size before relaxing)
 .debug_str     0x000025f5       0x50 common/libcommon.a(cmd_console.o)
                                0xc2a (size before relaxing)
 .debug_str     0x00002645      0x25d common/libcommon.a(cmd_elf.o)
                                0xfc8 (size before relaxing)
 .debug_str     0x000028a2      0x563 common/libcommon.a(cmd_fat.o)
                               0x12e4 (size before relaxing)
 .debug_str     0x00002e05      0x178 common/libcommon.a(cmd_flash.o)
                                0xc85 (size before relaxing)
 .debug_str     0x00002f7d      0x12d common/libcommon.a(cmd_ide.o)
                                0xf8c (size before relaxing)
 .debug_str     0x000030aa       0x80 common/libcommon.a(cmd_itest.o)
                                0xb5c (size before relaxing)
 .debug_str     0x0000312a      0x397 common/libcommon.a(cmd_jffs2.o)
                                0xf8d (size before relaxing)
 .debug_str     0x000034c1      0x3ae common/libcommon.a(cmd_load.o)
                               0x1141 (size before relaxing)
 .debug_str     0x0000386f      0x447 common/libcommon.a(cmd_mem.o)
                                0xf61 (size before relaxing)
 .debug_str     0x00003cb6       0x27 common/libcommon.a(cmd_misc.o)
                                0xaf9 (size before relaxing)
 .debug_str     0x00003cdd       0x26 common/libcommon.a(cmd_mmc.o)
                                0xcc9 (size before relaxing)
 .debug_str     0x00003d03       0xd2 common/libcommon.a(cmd_net.o)
                                0xe82 (size before relaxing)
 .debug_str     0x00003dd5       0xf6 common/libcommon.a(cmd_nvedit.o)
                                0xe69 (size before relaxing)
 .debug_str     0x00003ecb      0x15b common/libcommon.a(cmd_pcmcia.o)
                                0xc6e (size before relaxing)
 .debug_str     0x00004026      0x118 common/libcommon.a(command.o)
                                0xc0b (size before relaxing)
 .debug_str     0x0000413e       0xdd common/libcommon.a(console.o)
                                0xdd0 (size before relaxing)
 .debug_str     0x0000421b       0x6c common/libcommon.a(devices.o)
                                0xc97 (size before relaxing)
 .debug_str     0x00004287      0x256 common/libcommon.a(dlmalloc.o)
                                0xd6f (size before relaxing)
 .debug_str     0x000044dd       0x78 common/libcommon.a(env_common.o)
                                0xba3 (size before relaxing)
 .debug_str     0x00004555       0x6c common/libcommon.a(env_flash.o)
                                0xbcb (size before relaxing)
 .debug_str     0x000045c1       0x19 common/libcommon.a(exports.o)
                                0xb43 (size before relaxing)
 .debug_str     0x000045da       0x46 common/libcommon.a(flash.o)
                                0xafb (size before relaxing)
 .debug_str     0x00004620      0x4cd common/libcommon.a(hush.o)
                               0x10a5 (size before relaxing)
 .debug_str     0x00004aed      0x1cf common/libcommon.a(lists.o)
                                0xd4f (size before relaxing)
 .debug_str     0x00004cbc       0x3a common/libcommon.a(s_record.o)
                                0xacb (size before relaxing)
 .debug_str     0x00004cf6       0x57 lib_generic/libgeneric.a(crc32.o)
                                0xb88 (size before relaxing)
 .debug_str     0x00004d4d        0x8 lib_generic/libgeneric.a(ctype.o)
                                 0x6d (size before relaxing)
 .debug_str     0x00004d55       0x2d lib_generic/libgeneric.a(display_options.o)
                                0xabc (size before relaxing)
 .debug_str     0x00004d82       0xd5 lib_generic/libgeneric.a(string.o)
                                0x5b0 (size before relaxing)
 .debug_str     0x00004e57       0x72 lib_generic/libgeneric.a(vsprintf.o)
                                0xb72 (size before relaxing)
 .debug_str     0x00004ec9      0x3ac lib_generic/libgeneric.a(zlib.o)
                                0x953 (size before relaxing)
 .debug_str     0x00005275       0xab board/gumstix/libgumstix.a(gumstix.o)
                                0xb12 (size before relaxing)
 .debug_str     0x00005320       0x53 cpu/pxa/libpxa.a(serial.o)
                                0xad4 (size before relaxing)
 .debug_str     0x00005373       0x88 cpu/pxa/libpxa.a(cpu.o)
                                0xb72 (size before relaxing)
 .debug_str     0x000053fb      0x100 cpu/pxa/libpxa.a(mmc.o)
                                0xd99 (size before relaxing)
 .debug_str     0x000054fb       0xa1 lib_arm/libarm.a(armlinux.o)
                                0xc9b (size before relaxing)
 .debug_str     0x0000559c       0x1a lib_arm/libarm.a(cache.o)
                                0xa9e (size before relaxing)
 .debug_str     0x000055b6        0xe lib_arm/libarm.a(div0.o)
                                 0x52 (size before relaxing)
 .debug_str     0x000055c4      0x1a2 fs/cramfs/libcramfs.a(cramfs.o)
                                0xe5a (size before relaxing)
 .debug_str     0x00005766       0x5a fs/cramfs/libcramfs.a(uncompress.o)
                                0xc22 (size before relaxing)
 .debug_str     0x000057c0      0x2db fs/fat/libfat.a(fat.o)
                                0xfbc (size before relaxing)
 .debug_str     0x00005a9b      0x433 fs/jffs2/libjffs2.a(jffs2_1pass.o)
                               0x117f (size before relaxing)
 .debug_str     0x00005ece       0x53 fs/jffs2/libjffs2.a(compr_rtime.o)
                                0x325 (size before relaxing)
 .debug_str     0x00005f21       0x4b fs/jffs2/libjffs2.a(compr_rubin.o)
                                0x35f (size before relaxing)
 .debug_str     0x00005f6c      0x119 fs/jffs2/libjffs2.a(compr_zlib.o)
                                0xd73 (size before relaxing)
 .debug_str     0x00006085      0x125 fs/jffs2/libjffs2.a(mini_inflate.o)
                                0x336 (size before relaxing)
 .debug_str     0x000061aa       0xa0 disk/libdisk.a(part.o)
                                0xb38 (size before relaxing)
 .debug_str     0x0000624a      0x13f disk/libdisk.a(part_dos.o)
                                0xc23 (size before relaxing)

.comment        0x00000000      0x492
 .comment       0x00000000       0x12 cpu/pxa/libpxa.a(interrupts.o)
 .comment       0x00000012       0x12 lib_arm/libarm.a(board.o)
 .comment       0x00000024       0x12 net/libnet.a(net.o)
 .comment       0x00000036       0x12 net/libnet.a(tftp.o)
 .comment       0x00000048       0x12 net/libnet.a(bootp.o)
 .comment       0x0000005a       0x12 net/libnet.a(rarp.o)
 .comment       0x0000006c       0x12 net/libnet.a(eth.o)
 .comment       0x0000007e       0x12 net/libnet.a(nfs.o)
 .comment       0x00000090       0x12 drivers/libdrivers.a(cfi_flash.o)
 .comment       0x000000a2       0x12 drivers/libdrivers.a(netconsole.o)
 .comment       0x000000b4       0x12 drivers/libdrivers.a(smc91111.o)
 .comment       0x000000c6       0x12 common/libcommon.a(main.o)
 .comment       0x000000d8       0x12 common/libcommon.a(cmd_autoscript.o)
 .comment       0x000000ea       0x12 common/libcommon.a(cmd_bdinfo.o)
 .comment       0x000000fc       0x12 common/libcommon.a(cmd_boot.o)
 .comment       0x0000010e       0x12 common/libcommon.a(cmd_bootm.o)
 .comment       0x00000120       0x12 common/libcommon.a(cmd_cache.o)
 .comment       0x00000132       0x12 common/libcommon.a(cmd_console.o)
 .comment       0x00000144       0x12 common/libcommon.a(cmd_elf.o)
 .comment       0x00000156       0x12 common/libcommon.a(cmd_fat.o)
 .comment       0x00000168       0x12 common/libcommon.a(cmd_flash.o)
 .comment       0x0000017a       0x12 common/libcommon.a(cmd_ide.o)
 .comment       0x0000018c       0x12 common/libcommon.a(cmd_itest.o)
 .comment       0x0000019e       0x12 common/libcommon.a(cmd_jffs2.o)
 .comment       0x000001b0       0x12 common/libcommon.a(cmd_load.o)
 .comment       0x000001c2       0x12 common/libcommon.a(cmd_mem.o)
 .comment       0x000001d4       0x12 common/libcommon.a(cmd_misc.o)
 .comment       0x000001e6       0x12 common/libcommon.a(cmd_mmc.o)
 .comment       0x000001f8       0x12 common/libcommon.a(cmd_net.o)
 .comment       0x0000020a       0x12 common/libcommon.a(cmd_nvedit.o)
 .comment       0x0000021c       0x12 common/libcommon.a(cmd_pcmcia.o)
 .comment       0x0000022e       0x12 common/libcommon.a(command.o)
 .comment       0x00000240       0x12 common/libcommon.a(console.o)
 .comment       0x00000252       0x12 common/libcommon.a(devices.o)
 .comment       0x00000264       0x12 common/libcommon.a(dlmalloc.o)
 .comment       0x00000276       0x12 common/libcommon.a(env_common.o)
 .comment       0x00000288       0x12 common/libcommon.a(env_flash.o)
 .comment       0x0000029a       0x12 common/libcommon.a(exports.o)
 .comment       0x000002ac       0x12 common/libcommon.a(flash.o)
 .comment       0x000002be       0x12 common/libcommon.a(hush.o)
 .comment       0x000002d0       0x12 common/libcommon.a(lists.o)
 .comment       0x000002e2       0x12 common/libcommon.a(s_record.o)
 .comment       0x000002f4       0x12 lib_generic/libgeneric.a(crc32.o)
 .comment       0x00000306       0x12 lib_generic/libgeneric.a(ctype.o)
 .comment       0x00000318       0x12 lib_generic/libgeneric.a(display_options.o)
 .comment       0x0000032a       0x12 lib_generic/libgeneric.a(string.o)
 .comment       0x0000033c       0x12 lib_generic/libgeneric.a(vsprintf.o)
 .comment       0x0000034e       0x12 lib_generic/libgeneric.a(zlib.o)
 .comment       0x00000360       0x12 board/gumstix/libgumstix.a(gumstix.o)
 .comment       0x00000372       0x12 cpu/pxa/libpxa.a(serial.o)
 .comment       0x00000384       0x12 cpu/pxa/libpxa.a(cpu.o)
 .comment       0x00000396       0x12 cpu/pxa/libpxa.a(mmc.o)
 .comment       0x000003a8       0x12 lib_arm/libarm.a(armlinux.o)
 .comment       0x000003ba       0x12 lib_arm/libarm.a(cache.o)
 .comment       0x000003cc       0x12 lib_arm/libarm.a(div0.o)
 .comment       0x000003de       0x12 fs/cramfs/libcramfs.a(cramfs.o)
 .comment       0x000003f0       0x12 fs/cramfs/libcramfs.a(uncompress.o)
 .comment       0x00000402       0x12 fs/fat/libfat.a(fat.o)
 .comment       0x00000414       0x12 fs/jffs2/libjffs2.a(jffs2_1pass.o)
 .comment       0x00000426       0x12 fs/jffs2/libjffs2.a(compr_rtime.o)
 .comment       0x00000438       0x12 fs/jffs2/libjffs2.a(compr_rubin.o)
 .comment       0x0000044a       0x12 fs/jffs2/libjffs2.a(compr_zlib.o)
 .comment       0x0000045c       0x12 fs/jffs2/libjffs2.a(mini_inflate.o)
 .comment       0x0000046e       0x12 disk/libdisk.a(part.o)
 .comment       0x00000480       0x12 disk/libdisk.a(part_dos.o)

.debug_ranges   0x00000000      0x528
 .debug_ranges  0x00000000       0x18 lib_arm/libarm.a(board.o)
 .debug_ranges  0x00000018       0x60 net/libnet.a(net.o)
 .debug_ranges  0x00000078       0x30 net/libnet.a(eth.o)
 .debug_ranges  0x000000a8       0x18 drivers/libdrivers.a(netconsole.o)
 .debug_ranges  0x000000c0      0x118 drivers/libdrivers.a(smc91111.o)
 .debug_ranges  0x000001d8       0x38 common/libcommon.a(main.o)
 .debug_ranges  0x00000210       0x30 common/libcommon.a(cmd_fat.o)
 .debug_ranges  0x00000240       0x18 common/libcommon.a(cmd_flash.o)
 .debug_ranges  0x00000258       0x18 common/libcommon.a(cmd_jffs2.o)
 .debug_ranges  0x00000270       0x18 common/libcommon.a(cmd_mem.o)
 .debug_ranges  0x00000288       0x30 common/libcommon.a(cmd_nvedit.o)
 .debug_ranges  0x000002b8       0x38 common/libcommon.a(command.o)
 .debug_ranges  0x000002f0       0x30 common/libcommon.a(console.o)
 .debug_ranges  0x00000320       0x50 common/libcommon.a(dlmalloc.o)
 .debug_ranges  0x00000370       0x38 common/libcommon.a(flash.o)
 .debug_ranges  0x000003a8       0x48 common/libcommon.a(hush.o)
 .debug_ranges  0x000003f0       0x20 lib_generic/libgeneric.a(vsprintf.o)
 .debug_ranges  0x00000410       0x50 lib_generic/libgeneric.a(zlib.o)
 .debug_ranges  0x00000460       0x18 cpu/pxa/libpxa.a(mmc.o)
 .debug_ranges  0x00000478       0x18 fs/cramfs/libcramfs.a(cramfs.o)
 .debug_ranges  0x00000490       0x48 fs/fat/libfat.a(fat.o)
 .debug_ranges  0x000004d8       0x18 fs/jffs2/libjffs2.a(jffs2_1pass.o)
 .debug_ranges  0x000004f0       0x18 fs/jffs2/libjffs2.a(compr_rubin.o)
 .debug_ranges  0x00000508       0x20 disk/libdisk.a(part_dos.o)
